<html>
<body>
<pre>
<h1>礦ision Build Log</h1>
<h2>Tool Versions:</h2>
IDE-Version: μVision V5.25.3.0
Copyright (C) 2018 ARM Ltd and ARM Germany GmbH. All rights reserved.
License Information: LIU xiaoyouyou, NJUPT, LIC=Y2B1Q-NXK7P-ZEEH2-9D6L6-SE4BK-EQHBG
 
Tool Versions:
Toolchain:       MDK-ARM Professional  Version: 5.18
Toolchain Path:  D:\keil5\ARM\ARMCC\Bin
C Compiler:      Armcc.exe V5.06 update 1 (build 61)
Assembler:       Armasm.exe V5.06 update 1 (build 61)
Linker/Locator:  ArmLink.exe V5.06 update 1 (build 61)
Library Manager: ArmAr.exe V5.06 update 1 (build 61)
Hex Converter:   FromElf.exe V5.06 update 1 (build 61)
CPU DLL:         SARMCM3.DLL V5.18
Dialog DLL:      DARMSTM.DLL V1.65.0.0
Target DLL:      STLink\ST-LINKIII-KEIL_SWO.dll V2.0.18.0
Dialog DLL:      TARMSTM.DLL V1.64.0.0
 
<h2>Project:</h2>
D:\stm32_info\基于ucosii的车载电控单元\NewProject\USER\liuweilin.uvprojx
Project File Date:  06/30/2024

<h2>Output:</h2>
*** Using Compiler 'V5.06 update 1 (build 61)', folder: 'D:\keil5\ARM\ARMCC\Bin'
Rebuild target 'liu'
compiling SPI.c...
compiling exti.c...
compiling led.c...
compiling system_stm32f10x.c...
compiling beep.c...
compiling key.c...
compiling stm32f10x_it.c...
compiling timer.c...
compiling lcd.c...
compiling main.c...
main.c(107): warning:  #69-D: integer conversion resulted in truncation
  	TIM1_Cap_Init(84,71999);//????频??也不??太?撸??虺???也???芊桑???为??频繁触发?卸?占??cpu??源
main.c: 1 warning, 0 errors
compiling GUI.c...
assembling startup_stm32f10x_md.s...
assembling os_cpu_a.asm...
compiling core_cm3.c...
compiling us105.c...
compiling mpuiic.c...
compiling mpu6050.c...
compiling delay.c...
compiling usart.c...
compiling sys.c...
compiling inv_mpu_dmp_motion_driver.c...
compiling inv_mpu.c...
compiling os_cpu_c.c...
compiling os_core.c...
compiling os_flag.c...
compiling os_mbox.c...
compiling os_mem.c...
compiling os_mutex.c...
compiling os_time.c...
compiling os_sem.c...
compiling misc.c...
compiling os_task.c...
compiling os_q.c...
compiling os_tmr.c...
compiling stm32f10x_dma.c...
compiling stm32f10x_exti.c...
compiling stm32f10x_flash.c...
compiling stm32f10x_gpio.c...
compiling stm32f10x_i2c.c...
compiling stm32f10x_rtc.c...
compiling stm32f10x_rcc.c...
compiling stm32f10x_spi.c...
compiling stm32f10x_usart.c...
compiling stm32f10x_tim.c...
linking...
Program Size: Code=47986 RO-data=9854 RW-data=248 ZI-data=8272  
FromELF: creating hex file...
After Build - User command #1: D:\keil5\ARM\ARMCC\bin\fromelf.exe --bin -o ..\OBJ\PWM.bin  ..\OBJ\PWM.axf
"..\OBJ\PWM.axf" - 0 Error(s), 1 Warning(s).

<h2>Software Packages used:</h2>

Package Vendor: Keil
                http://www.keil.com/pack/Keil.STM32F1xx_DFP.1.0.5.pack
                Keil.STM32F1xx_DFP.1.0.5
                STMicroelectronics STM32F1 Series Device Support, Drivers and Examples

<h2>Collection of Component include folders:</h2>
  .\RTE\_liu
  D:\keil5\ARM\PACK\Keil\STM32F1xx_DFP\1.0.5\Device\Include

<h2>Collection of Component Files used:</h2>
Build Time Elapsed:  00:00:02
</pre>
</body>
</html>
