Component: ARM Compiler 5.06 update 1 (build 61) Tool: armlink [4d35a8]

==============================================================================

Section Cross References

    main.o(.text) refers to inv_mpu.o(.text) for mpu_dmp_get_data
    main.o(.text) refers to fmul.o(x$fpl$fmul) for __aeabi_fmul
    main.o(.text) refers to ffix.o(x$fpl$ffix) for __aeabi_f2iz
    main.o(.text) refers to gui.o(.text) for Show_Str
    main.o(.text) refers to stm32f10x_tim.o(.text) for TIM_SetCompare3
    main.o(.text) refers to delay.o(.text) for delay_ms
    main.o(.text) refers to us105.o(.text) for us105_Start
    main.o(.text) refers to os_sem.o(.text) for OSSemPend
    main.o(.text) refers to dflt_clz.o(x$fpl$dfltu) for __aeabi_ui2d
    main.o(.text) refers to dmul.o(x$fpl$dmul) for __aeabi_dmul
    main.o(.text) refers to dfixu.o(x$fpl$dfixu) for __aeabi_d2uiz
    main.o(.text) refers to beep.o(.text) for Beep_on
    main.o(.text) refers to led.o(.text) for led_on
    main.o(.text) refers to os_cpu_a.o(.text) for OS_CPU_SR_Save
    main.o(.text) refers to os_task.o(.text) for OSTaskCreate
    main.o(.text) refers to misc.o(.text) for NVIC_PriorityGroupConfig
    main.o(.text) refers to mpu6050.o(.text) for MPU_Init
    main.o(.text) refers to timer.o(.text) for TIM3_PWM_Init
    main.o(.text) refers to exti.o(.text) for EXTIX_Init
    main.o(.text) refers to lcd.o(.text) for LCD_Init
    main.o(.text) refers to usart.o(.text) for uart_init
    main.o(.text) refers to os_core.o(.text) for OSInit
    main.o(.text) refers to stm32f10x_gpio.o(.text) for GPIO_ReadInputDataBit
    main.o(.text) refers to stm32f10x_exti.o(.text) for EXTI_ClearITPendingBit
    main.o(.text) refers to main.o(.data) for us
    main.o(.text) refers to main.o(.bss) for PWM_TASK_STK
    system_stm32f10x.o(.text) refers to system_stm32f10x.o(.data) for SystemCoreClock
    led.o(.text) refers to stm32f10x_gpio.o(.text) for GPIO_SetBits
    led.o(.text) refers to stm32f10x_rcc.o(.text) for RCC_APB2PeriphClockCmd
    key.o(.text) refers to stm32f10x_rcc.o(.text) for RCC_APB2PeriphClockCmd
    key.o(.text) refers to stm32f10x_gpio.o(.text) for GPIO_Init
    key.o(.text) refers to delay.o(.text) for delay_ms
    key.o(.text) refers to key.o(.data) for key_up
    timer.o(.text) refers to stm32f10x_rcc.o(.text) for RCC_APB1PeriphClockCmd
    timer.o(.text) refers to stm32f10x_tim.o(.text) for TIM_TimeBaseInit
    timer.o(.text) refers to misc.o(.text) for NVIC_Init
    timer.o(.text) refers to stm32f10x_gpio.o(.text) for GPIO_Init
    timer.o(.text) refers to timer.o(.bss) for TIM1_ICInitStructure
    exti.o(.text) refers to stm32f10x_rcc.o(.text) for RCC_APB2PeriphClockCmd
    exti.o(.text) refers to stm32f10x_gpio.o(.text) for GPIO_Init
    exti.o(.text) refers to stm32f10x_exti.o(.text) for EXTI_Init
    exti.o(.text) refers to misc.o(.text) for NVIC_Init
    gui.o(.text) refers to lcd.o(.text) for LCD_SetCursor
    gui.o(.text) refers to lcd.o(.bss) for lcddev
    gui.o(.text) refers to lcd.o(.data) for POINT_COLOR
    gui.o(.text) refers to gui.o(.constdata) for asc2_1206
    gui.o(.text) refers to strlen.o(.text) for strlen
    lcd.o(.text) refers to spi.o(.text) for SPI_WriteByte
    lcd.o(.text) refers to stm32f10x_rcc.o(.text) for RCC_APB2PeriphClockCmd
    lcd.o(.text) refers to stm32f10x_gpio.o(.text) for GPIO_Init
    lcd.o(.text) refers to delay.o(.text) for delay_ms
    lcd.o(.text) refers to lcd.o(.bss) for lcddev
    lcd.o(.text) refers to lcd.o(.data) for POINT_COLOR
    spi.o(.text) refers to stm32f10x_rcc.o(.text) for RCC_APB2PeriphClockCmd
    spi.o(.text) refers to stm32f10x_gpio.o(.text) for GPIO_Init
    spi.o(.text) refers to stm32f10x_spi.o(.text) for SPI_Init
    beep.o(.text) refers to stm32f10x_gpio.o(.text) for GPIO_ResetBits
    beep.o(.text) refers to stm32f10x_rcc.o(.text) for RCC_APB2PeriphClockCmd
    us105.o(.text) refers to stm32f10x_gpio.o(.text) for GPIO_Init
    us105.o(.text) refers to stm32f10x_rcc.o(.text) for RCC_APB2PeriphClockCmd
    us105.o(.text) refers to delay.o(.text) for delay_us
    inv_mpu.o(.text) refers to _printf_pad.o(.text) for _printf_pre_padding
    inv_mpu.o(.text) refers to _printf_percent.o(.ARM.Collect$$_printf_percent$$00000000) for _printf_percent
    inv_mpu.o(.text) refers to _printf_x.o(.ARM.Collect$$_printf_percent$$0000000C) for _printf_x
    inv_mpu.o(.text) refers to _printf_hex_int.o(.text) for _printf_longlong_hex
    inv_mpu.o(.text) refers to _printf_d.o(.ARM.Collect$$_printf_percent$$00000009) for _printf_d
    inv_mpu.o(.text) refers to _printf_dec.o(.text) for _printf_int_dec
    inv_mpu.o(.text) refers to mpu6050.o(.text) for MPU_Write_Len
    inv_mpu.o(.text) refers to noretval__2printf.o(.text) for __2printf
    inv_mpu.o(.text) refers to delay.o(.text) for delay_ms
    inv_mpu.o(.text) refers to inv_mpu.o(.data) for st
    inv_mpu.o(.text) refers to fflt_clz.o(x$fpl$ffltu) for __aeabi_ui2f
    inv_mpu.o(.text) refers to fflt_clz.o(x$fpl$fflt) for __aeabi_i2f
[...]
    Show_Str                                 0x0800170f   Thumb Code   264  gui.o(.text)
    Gui_StrCenter                            0x08001817   Thumb Code    60  gui.o(.text)
    Gui_Drawbmp16                            0x08001853   Thumb Code    90  gui.o(.text)
    LCD_WR_REG                               0x080018bd   Thumb Code    36  lcd.o(.text)
    LCD_WR_DATA                              0x080018e1   Thumb Code    38  lcd.o(.text)
    LCD_WriteReg                             0x08001907   Thumb Code    20  lcd.o(.text)
    LCD_WriteRAM_Prepare                     0x0800191b   Thumb Code    12  lcd.o(.text)
    Lcd_WriteData_16Bit                      0x08001927   Thumb Code    46  lcd.o(.text)
    LCD_SetWindows                           0x08001955   Thumb Code    84  lcd.o(.text)
    LCD_SetCursor                            0x080019a9   Thumb Code    20  lcd.o(.text)
    LCD_DrawPoint                            0x080019bd   Thumb Code    24  lcd.o(.text)
    LCD_Clear                                0x080019d5   Thumb Code    88  lcd.o(.text)
    LCD_GPIOInit                             0x08001a2d   Thumb Code    42  lcd.o(.text)
    LCD_RESET                                0x08001a57   Thumb Code    34  lcd.o(.text)
    LCD_direction                            0x08001a79   Thumb Code   120  lcd.o(.text)
    LCD_Init                                 0x08001af1   Thumb Code   590  lcd.o(.text)
    SPI_WriteByte                            0x08001d45   Thumb Code    34  spi.o(.text)
    SPI_SetSpeed                             0x08001d67   Thumb Code    38  spi.o(.text)
    SPI1_Init                                0x08001d8d   Thumb Code   144  spi.o(.text)
    Beep_off                                 0x08001e25   Thumb Code    14  beep.o(.text)
    Beep_config                              0x08001e33   Thumb Code    38  beep.o(.text)
    Beep_Init                                0x08001e59   Thumb Code   130  beep.o(.text)
    Beep_on                                  0x08001edb   Thumb Code    14  beep.o(.text)
    us105_config                             0x08001f05   Thumb Code    32  us105.o(.text)
    us105Init                                0x08001f25   Thumb Code   130  us105.o(.text)
    us105_Start                              0x08001fa7   Thumb Code    28  us105.o(.text)
    mpu_reg_dump                             0x0800206b   Thumb Code    84  inv_mpu.o(.text)
    mpu_read_reg                             0x080020bf   Thumb Code    66  inv_mpu.o(.text)
    mpu_set_int_latched                      0x08002101   Thumb Code   102  inv_mpu.o(.text)
    mpu_set_sensors                          0x08002167   Thumb Code   202  inv_mpu.o(.text)
    mpu_set_bypass                           0x08002231   Thumb Code   328  inv_mpu.o(.text)
    mpu_reset_fifo                           0x08002379   Thumb Code   472  inv_mpu.o(.text)
    mpu_configure_fifo                       0x08002551   Thumb Code   106  inv_mpu.o(.text)
    mpu_set_lpf                              0x080025bb   Thumb Code   126  inv_mpu.o(.text)
    mpu_lp_accel_mode                        0x08002639   Thumb Code   218  inv_mpu.o(.text)
    mpu_set_sample_rate                      0x08002713   Thumb Code   152  inv_mpu.o(.text)
    mpu_set_accel_fsr                        0x080027ab   Thumb Code   132  inv_mpu.o(.text)
    mpu_set_gyro_fsr                         0x0800282f   Thumb Code   132  inv_mpu.o(.text)
    mpu_init                                 0x080028b3   Thumb Code   416  inv_mpu.o(.text)
    mget_ms                                  0x08002a53   Thumb Code     2  inv_mpu.o(.text)
    mpu_get_gyro_reg                         0x08002a55   Thumb Code   110  inv_mpu.o(.text)
    mpu_get_accel_reg                        0x08002ac3   Thumb Code   110  inv_mpu.o(.text)
    mpu_get_temperature                      0x08002b31   Thumb Code   150  inv_mpu.o(.text)
    mpu_set_accel_bias                       0x08002bc7   Thumb Code   468  inv_mpu.o(.text)
    mpu_get_gyro_fsr                         0x08002d9b   Thumb Code    64  inv_mpu.o(.text)
    mpu_get_accel_fsr                        0x08002ddb   Thumb Code    72  inv_mpu.o(.text)
    mpu_get_lpf                              0x08002e23   Thumb Code    74  inv_mpu.o(.text)
    mpu_get_sample_rate                      0x08002e6d   Thumb Code    26  inv_mpu.o(.text)
    mpu_get_compass_sample_rate              0x08002e87   Thumb Code    10  inv_mpu.o(.text)
    mpu_set_compass_sample_rate              0x08002e91   Thumb Code     8  inv_mpu.o(.text)
    mpu_get_gyro_sens                        0x08002e99   Thumb Code    58  inv_mpu.o(.text)
    mpu_get_accel_sens                       0x08002ed3   Thumb Code    78  inv_mpu.o(.text)
    mpu_get_fifo_config                      0x08002f21   Thumb Code    12  inv_mpu.o(.text)
    mpu_get_power_state                      0x08002f2d   Thumb Code    22  inv_mpu.o(.text)
    mpu_get_int_status                       0x08002f43   Thumb Code    64  inv_mpu.o(.text)
    mpu_read_fifo                            0x08002f83   Thumb Code   520  inv_mpu.o(.text)
    mpu_read_fifo_stream                     0x0800318b   Thumb Code   186  inv_mpu.o(.text)
    mpu_set_int_level                        0x08003245   Thumb Code    12  inv_mpu.o(.text)
    mpu_set_dmp_state                        0x08003925   Thumb Code   138  inv_mpu.o(.text)
    mpu_run_self_test                        0x080039af   Thumb Code   278  inv_mpu.o(.text)
    mpu_write_mem                            0x08003ac5   Thumb Code   122  inv_mpu.o(.text)
    mpu_read_mem                             0x08003b3f   Thumb Code   122  inv_mpu.o(.text)
    mpu_load_firmware                        0x08003bb9   Thumb Code   190  inv_mpu.o(.text)
    mpu_get_dmp_state                        0x08003c77   Thumb Code    14  inv_mpu.o(.text)
    setup_compass                            0x08003c85   Thumb Code     6  inv_mpu.o(.text)
    mpu_get_compass_reg                      0x08003c8b   Thumb Code     8  inv_mpu.o(.text)
    mpu_get_compass_fsr                      0x08003c93   Thumb Code     8  inv_mpu.o(.text)
    mpu_lp_motion_interrupt                  0x08003c9b   Thumb Code   512  inv_mpu.o(.text)
    run_self_test                            0x08003e9b   Thumb Code   148  inv_mpu.o(.text)
    inv_row_2_scale                          0x08003f2f   Thumb Code    78  inv_mpu.o(.text)
    inv_orientation_matrix_to_scalar         0x08003f7d   Thumb Code    40  inv_mpu.o(.text)
    mpu_dmp_init                             0x08003fa5   Thumb Code   154  inv_mpu.o(.text)
    mpu_dmp_get_data                         0x0800403f   Thumb Code   554  inv_mpu.o(.text)
    dmp_load_motion_driver_firmware          0x0800426d   Thumb Code    20  inv_mpu_dmp_motion_driver.o(.text)
    dmp_set_orientation                      0x08004281   Thumb Code   290  inv_mpu_dmp_motion_driver.o(.text)
    dmp_set_gyro_bias                        0x080043a3   Thumb Code   294  inv_mpu_dmp_motion_driver.o(.text)
    dmp_set_accel_bias                       0x080044c9   Thumb Code   300  inv_mpu_dmp_motion_driver.o(.text)
    dmp_set_fifo_rate                        0x080045f5   Thumb Code   136  inv_mpu_dmp_motion_driver.o(.text)
    dmp_get_fifo_rate                        0x0800467d   Thumb Code    12  inv_mpu_dmp_motion_driver.o(.text)
    dmp_set_tap_thresh                       0x08004689   Thumb Code   396  inv_mpu_dmp_motion_driver.o(.text)
    dmp_set_tap_axes                         0x08004815   Thumb Code    70  inv_mpu_dmp_motion_driver.o(.text)
    dmp_set_tap_count                        0x0800485b   Thumb Code    38  inv_mpu_dmp_motion_driver.o(.text)
    dmp_set_tap_time                         0x08004881   Thumb Code    38  inv_mpu_dmp_motion_driver.o(.text)
    dmp_set_tap_time_multi                   0x080048a7   Thumb Code    38  inv_mpu_dmp_motion_driver.o(.text)
    dmp_set_shake_reject_thresh              0x080048cd   Thumb Code    56  inv_mpu_dmp_motion_driver.o(.text)
    dmp_set_shake_reject_time                0x08004905   Thumb Code    38  inv_mpu_dmp_motion_driver.o(.text)
    dmp_set_shake_reject_timeout             0x0800492b   Thumb Code    38  inv_mpu_dmp_motion_driver.o(.text)
    dmp_get_pedometer_step_count             0x08004951   Thumb Code    66  inv_mpu_dmp_motion_driver.o(.text)
    dmp_set_pedometer_step_count             0x08004993   Thumb Code    42  inv_mpu_dmp_motion_driver.o(.text)
    dmp_get_pedometer_walk_time              0x080049bd   Thumb Code    72  inv_mpu_dmp_motion_driver.o(.text)
    dmp_set_pedometer_walk_time              0x08004a05   Thumb Code    48  inv_mpu_dmp_motion_driver.o(.text)
    dmp_enable_6x_lp_quat                    0x08004a35   Thumb Code    84  inv_mpu_dmp_motion_driver.o(.text)
    dmp_enable_lp_quat                       0x08004a89   Thumb Code    60  inv_mpu_dmp_motion_driver.o(.text)
    dmp_enable_gyro_cal                      0x08004ac5   Thumb Code    62  inv_mpu_dmp_motion_driver.o(.text)
    dmp_enable_feature                       0x08004b03   Thumb Code   530  inv_mpu_dmp_motion_driver.o(.text)
    dmp_get_enabled_features                 0x08004d15   Thumb Code    12  inv_mpu_dmp_motion_driver.o(.text)
    dmp_set_interrupt_mode                   0x08004d7f   Thumb Code    66  inv_mpu_dmp_motion_driver.o(.text)
    dmp_read_fifo                            0x08004dc1   Thumb Code   514  inv_mpu_dmp_motion_driver.o(.text)
    dmp_register_tap_cb                      0x08004fc3   Thumb Code    10  inv_mpu_dmp_motion_driver.o(.text)
    dmp_register_android_orient_cb           0x08004fcd   Thumb Code    10  inv_mpu_dmp_motion_driver.o(.text)
    MPU_Write_Byte                           0x08004fdd   Thumb Code    68  mpu6050.o(.text)
    MPU_Set_LPF                              0x08005021   Thumb Code    58  mpu6050.o(.text)
    MPU_Set_Rate                             0x0800505b   Thumb Code    58  mpu6050.o(.text)
    MPU_Read_Byte                            0x08005095   Thumb Code    58  mpu6050.o(.text)
    MPU_Set_Accel_Fsr                        0x080050cf   Thumb Code    16  mpu6050.o(.text)
    MPU_Set_Gyro_Fsr                         0x080050df   Thumb Code    16  mpu6050.o(.text)
    MPU_Init                                 0x080050ef   Thumb Code   122  mpu6050.o(.text)
    MPU_Read_Len                             0x08005169   Thumb Code   116  mpu6050.o(.text)
    MPU_Get_Temperature                      0x080051dd   Thumb Code    86  mpu6050.o(.text)
    MPU_Get_Gyroscope                        0x08005233   Thumb Code    80  mpu6050.o(.text)
    MPU_Get_Accelerometer                    0x08005283   Thumb Code    80  mpu6050.o(.text)
    MPU_Write_Len                            0x080052d3   Thumb Code    96  mpu6050.o(.text)
    MPU_IIC_Delay                            0x08005345   Thumb Code    10  mpuiic.o(.text)
    MPU_IIC_Init                             0x0800534f   Thumb Code    50  mpuiic.o(.text)
    MPU_IIC_Start                            0x08005381   Thumb Code    64  mpuiic.o(.text)
    MPU_IIC_Stop                             0x080053c1   Thumb Code    66  mpuiic.o(.text)
    MPU_IIC_Wait_Ack                         0x08005403   Thumb Code    90  mpuiic.o(.text)
    MPU_IIC_Ack                              0x0800545d   Thumb Code    70  mpuiic.o(.text)
    MPU_IIC_NAck                             0x080054a3   Thumb Code    70  mpuiic.o(.text)
    MPU_IIC_Send_Byte                        0x080054e9   Thumb Code    86  mpuiic.o(.text)
    MPU_IIC_Read_Byte                        0x0800553f   Thumb Code   100  mpuiic.o(.text)
    delay_osschedlock                        0x080055b1   Thumb Code     8  delay.o(.text)
    delay_osschedunlock                      0x080055b9   Thumb Code     8  delay.o(.text)
    delay_ostimedly                          0x080055c1   Thumb Code    12  delay.o(.text)
    SysTick_Handler                          0x080055cd   Thumb Code    24  delay.o(.text)
    delay_init                               0x080055e5   Thumb Code    76  delay.o(.text)
    delay_us                                 0x08005631   Thumb Code    86  delay.o(.text)
    delay_ms                                 0x08005687   Thumb Code    66  delay.o(.text)
    _sys_exit                                0x080056e1   Thumb Code     4  usart.o(.text)
    fputc                                    0x080056e5   Thumb Code    24  usart.o(.text)
    uart_init                                0x080056fd   Thumb Code   152  usart.o(.text)
    USART1_IRQHandler                        0x08005795   Thumb Code   130  usart.o(.text)
    Reset_Handler                            0x08005829   Thumb Code     8  startup_stm32f10x_md.o(.text)
    ADC1_2_IRQHandler                        0x08005843   Thumb Code     0  startup_stm32f10x_md.o(.text)
    CAN1_RX1_IRQHandler                      0x08005843   Thumb Code     0  startup_stm32f10x_md.o(.text)
    CAN1_SCE_IRQHandler                      0x08005843   Thumb Code     0  startup_stm32f10x_md.o(.text)
    DMA1_Channel1_IRQHandler                 0x08005843   Thumb Code     0  startup_stm32f10x_md.o(.text)
    DMA1_Channel2_IRQHandler                 0x08005843   Thumb Code     0  startup_stm32f10x_md.o(.text)
    DMA1_Channel3_IRQHandler                 0x08005843   Thumb Code     0  startup_stm32f10x_md.o(.text)
    DMA1_Channel4_IRQHandler                 0x08005843   Thumb Code     0  startup_stm32f10x_md.o(.text)
    DMA1_Channel5_IRQHandler                 0x08005843   Thumb Code     0  startup_stm32f10x_md.o(.text)
    DMA1_Channel6_IRQHandler                 0x08005843   Thumb Code     0  startup_stm32f10x_md.o(.text)
    DMA1_Channel7_IRQHandler                 0x08005843   Thumb Code     0  startup_stm32f10x_md.o(.text)
    EXTI0_IRQHandler                         0x08005843   Thumb Code     0  startup_stm32f10x_md.o(.text)
    EXTI2_IRQHandler                         0x08005843   Thumb Code     0  startup_stm32f10x_md.o(.text)
    EXTI3_IRQHandler                         0x08005843   Thumb Code     0  startup_stm32f10x_md.o(.text)
    EXTI4_IRQHandler                         0x08005843   Thumb Code     0  startup_stm32f10x_md.o(.text)
    EXTI9_5_IRQHandler                       0x08005843   Thumb Code     0  startup_stm32f10x_md.o(.text)
    FLASH_IRQHandler                         0x08005843   Thumb Code     0  startup_stm32f10x_md.o(.text)
    I2C1_ER_IRQHandler                       0x08005843   Thumb Code     0  startup_stm32f10x_md.o(.text)
    I2C1_EV_IRQHandler                       0x08005843   Thumb Code     0  startup_stm32f10x_md.o(.text)
    I2C2_ER_IRQHandler                       0x08005843   Thumb Code     0  startup_stm32f10x_md.o(.text)
    I2C2_EV_IRQHandler                       0x08005843   Thumb Code     0  startup_stm32f10x_md.o(.text)
    PVD_IRQHandler                           0x08005843   Thumb Code     0  startup_stm32f10x_md.o(.text)
    RCC_IRQHandler                           0x08005843   Thumb Code     0  startup_stm32f10x_md.o(.text)
    RTCAlarm_IRQHandler                      0x08005843   Thumb Code     0  startup_stm32f10x_md.o(.text)
    RTC_IRQHandler                           0x08005843   Thumb Code     0  startup_stm32f10x_md.o(.text)
    SPI1_IRQHandler                          0x08005843   Thumb Code     0  startup_stm32f10x_md.o(.text)
    SPI2_IRQHandler                          0x08005843   Thumb Code     0  startup_stm32f10x_md.o(.text)
    TAMPER_IRQHandler                        0x08005843   Thumb Code     0  startup_stm32f10x_md.o(.text)
    TIM1_BRK_IRQHandler                      0x08005843   Thumb Code     0  startup_stm32f10x_md.o(.text)
    TIM1_TRG_COM_IRQHandler                  0x08005843   Thumb Code     0  startup_stm32f10x_md.o(.text)
    TIM1_UP_IRQHandler                       0x08005843   Thumb Code     0  startup_stm32f10x_md.o(.text)
    TIM3_IRQHandler                          0x08005843   Thumb Code     0  startup_stm32f10x_md.o(.text)
    TIM4_IRQHandler                          0x08005843   Thumb Code     0  startup_stm32f10x_md.o(.text)
    USART2_IRQHandler                        0x08005843   Thumb Code     0  startup_stm32f10x_md.o(.text)
    USART3_IRQHandler                        0x08005843   Thumb Code     0  startup_stm32f10x_md.o(.text)
    USBWakeUp_IRQHandler                     0x08005843   Thumb Code     0  startup_stm32f10x_md.o(.text)
    USB_HP_CAN1_TX_IRQHandler                0x08005843   Thumb Code     0  startup_stm32f10x_md.o(.text)
    USB_LP_CAN1_RX0_IRQHandler               0x08005843   Thumb Code     0  startup_stm32f10x_md.o(.text)
    WWDG_IRQHandler                          0x08005843   Thumb Code     0  startup_stm32f10x_md.o(.text)
    __user_initial_stackheap                 0x08005845   Thumb Code     0  startup_stm32f10x_md.o(.text)
    OS_CPU_SR_Save                           0x08005869   Thumb Code     0  os_cpu_a.o(.text)
    OS_CPU_SR_Restore                        0x08005871   Thumb Code     0  os_cpu_a.o(.text)
    OSStartHighRdy                           0x08005877   Thumb Code     0  os_cpu_a.o(.text)
    OSCtxSw                                  0x08005899   Thumb Code     0  os_cpu_a.o(.text)
    OSIntCtxSw                               0x080058a7   Thumb Code     0  os_cpu_a.o(.text)
    PendSV_Handler                           0x080058b7   Thumb Code     0  os_cpu_a.o(.text)
    OSInitHookBegin                          0x0800591d   Thumb Code     2  os_cpu_c.o(.text)
    OSInitHookEnd                            0x0800591f   Thumb Code     2  os_cpu_c.o(.text)
    OSTaskCreateHook                         0x08005921   Thumb Code     2  os_cpu_c.o(.text)
    OSTaskDelHook                            0x08005923   Thumb Code     2  os_cpu_c.o(.text)
    OSTaskIdleHook                           0x08005925   Thumb Code     2  os_cpu_c.o(.text)
    OSTaskStatHook                           0x08005927   Thumb Code     2  os_cpu_c.o(.text)
    OSTaskStkInit                            0x08005929   Thumb Code   154  os_cpu_c.o(.text)
    OSTaskSwHook                             0x080059c3   Thumb Code     2  os_cpu_c.o(.text)
    OSTCBInitHook                            0x080059c5   Thumb Code     2  os_cpu_c.o(.text)
    OSTimeTickHook                           0x080059c7   Thumb Code     2  os_cpu_c.o(.text)
    OSTaskReturnHook                         0x080059c9   Thumb Code     2  os_cpu_c.o(.text)
    OS_TaskStatStkChk                        0x080059cd   Thumb Code    54  os_core.o(.text)
    OS_TaskStat                              0x08005a03   Thumb Code   116  os_core.o(.text)
    OS_TaskIdle                              0x08005aab   Thumb Code    34  os_core.o(.text)
    OS_MemClr                                0x08005b01   Thumb Code    18  os_core.o(.text)
    OSInit                                   0x08005c1f   Thumb Code    44  os_core.o(.text)
    OSIntEnter                               0x08005c4b   Thumb Code    28  os_core.o(.text)
    OSIntExit                                0x08005c81   Thumb Code   112  os_core.o(.text)
    OSSchedLock                              0x08005cf1   Thumb Code    50  os_core.o(.text)
    OS_Sched                                 0x08005d23   Thumb Code    88  os_core.o(.text)
    OSSchedUnlock                            0x08005d7b   Thumb Code   238  os_core.o(.text)
    OSStart                                  0x08005e69   Thumb Code    48  os_core.o(.text)
    OSStatInit                               0x08005e99   Thumb Code    62  os_core.o(.text)
    OSTimeTick                               0x08005ed7   Thumb Code   210  os_core.o(.text)
    OSVersion                                0x08005fa9   Thumb Code     6  os_core.o(.text)
    OS_Dummy                                 0x08005faf   Thumb Code     2  os_core.o(.text)
    OS_EventTaskRemove                       0x08005fb1   Thumb Code    42  os_core.o(.text)
    OS_EventTaskRdy                          0x08005fdb   Thumb Code   114  os_core.o(.text)
    OS_EventTaskWait                         0x0800604d   Thumb Code   112  os_core.o(.text)
    OS_EventWaitListInit                     0x080060bd   Thumb Code    28  os_core.o(.text)
    OS_MemCopy                               0x080060d9   Thumb Code    20  os_core.o(.text)
    OS_StrLen                                0x080060ed   Thumb Code    20  os_core.o(.text)
    OS_TCBInit                               0x08006101   Thumb Code   280  os_core.o(.text)
    OSFlagAccept                             0x0800625d   Thumb Code   252  os_flag.o(.text)
    OSFlagCreate                             0x08006359   Thumb Code    86  os_flag.o(.text)
    OS_FlagUnlink                            0x080063af   Thumb Code    36  os_flag.o(.text)
    OSFlagDel                                0x08006425   Thumb Code   214  os_flag.o(.text)
    OSFlagNameGet                            0x080064fb   Thumb Code    80  os_flag.o(.text)
    OSFlagNameSet                            0x0800654b   Thumb Code    66  os_flag.o(.text)
    OSFlagPend                               0x08006625   Thumb Code   614  os_flag.o(.text)
    OSFlagPendGetFlagsRdy                    0x0800688b   Thumb Code    26  os_flag.o(.text)
    OSFlagPost                               0x080068a5   Thumb Code   312  os_flag.o(.text)
    OSFlagQuery                              0x080069dd   Thumb Code    48  os_flag.o(.text)
    OS_FlagInit                              0x08006a0d   Thumb Code    78  os_flag.o(.text)
    OSQAccept                                0x08006a69   Thumb Code    88  os_q.o(.text)
    OSQCreate                                0x08006ac1   Thumb Code   140  os_q.o(.text)
    OSQDel                                   0x08006b4d   Thumb Code   236  os_q.o(.text)
    OSQFlush                                 0x08006c39   Thumb Code    36  os_q.o(.text)
    OSQPend                                  0x08006c5d   Thumb Code   272  os_q.o(.text)
    OSQPendAbort                             0x08006d6d   Thumb Code   128  os_q.o(.text)
    OSQPost                                  0x08006ded   Thumb Code   114  os_q.o(.text)
    OSQPostFront                             0x08006e5f   Thumb Code   136  os_q.o(.text)
    OSQPostOpt                               0x08006ee7   Thumb Code   182  os_q.o(.text)
    OSQQuery                                 0x08006f9d   Thumb Code    98  os_q.o(.text)
    OS_QInit                                 0x08006fff   Thumb Code    72  os_q.o(.text)
    OSSemAccept                              0x08007051   Thumb Code    42  os_sem.o(.text)
    OSSemCreate                              0x0800707b   Thumb Code    68  os_sem.o(.text)
    OSSemDel                                 0x080070bf   Thumb Code   200  os_sem.o(.text)
    OSSemPend                                0x08007187   Thumb Code   222  os_sem.o(.text)
    OSSemPendAbort                           0x08007265   Thumb Code   128  os_sem.o(.text)
    OSSemPost                                0x080072e5   Thumb Code    88  os_sem.o(.text)
    OSSemQuery                               0x0800733d   Thumb Code    76  os_sem.o(.text)
    OSSemSet                                 0x08007389   Thumb Code    66  os_sem.o(.text)
    OSTaskChangePrio                         0x080073dd   Thumb Code   308  os_task.o(.text)
    OSTaskCreate                             0x08007511   Thumb Code   148  os_task.o(.text)
    OS_TaskStkClr                            0x080075a5   Thumb Code    26  os_task.o(.text)
    OSTaskCreateExt                          0x080075bf   Thumb Code   170  os_task.o(.text)
    OSTaskDel                                0x08007669   Thumb Code   294  os_task.o(.text)
    OSTaskDelReq                             0x0800778f   Thumb Code   144  os_task.o(.text)
    OSTaskNameGet                            0x0800781f   Thumb Code   114  os_task.o(.text)
    OSTaskNameSet                            0x08007891   Thumb Code    98  os_task.o(.text)
    OSTaskResume                             0x080078f3   Thumb Code   154  os_task.o(.text)
    OSTaskStkChk                             0x0800798d   Thumb Code   132  os_task.o(.text)
    OSTaskSuspend                            0x08007a11   Thumb Code   152  os_task.o(.text)
    OSTaskQuery                              0x08007aa9   Thumb Code    82  os_task.o(.text)
    OSTaskRegGet                             0x08007afb   Thumb Code    60  os_task.o(.text)
    OSTaskRegSet                             0x08007b37   Thumb Code    62  os_task.o(.text)
    OS_TaskReturn                            0x08007b75   Thumb Code    18  os_task.o(.text)
    OSTimeDly                                0x08007ba1   Thumb Code   100  os_time.o(.text)
    OSTimeDlyHMSM                            0x08007c05   Thumb Code    86  os_time.o(.text)
    OSTimeDlyResume                          0x08007c5b   Thumb Code   168  os_time.o(.text)
    OSTimeGet                                0x08007d03   Thumb Code    24  os_time.o(.text)
    OSTimeSet                                0x08007d1b   Thumb Code    24  os_time.o(.text)
    NVIC_PriorityGroupConfig                 0x08007d51   Thumb Code    10  misc.o(.text)
    NVIC_Init                                0x08007d5b   Thumb Code   100  misc.o(.text)
    NVIC_SetVectorTable                      0x08007dbf   Thumb Code    14  misc.o(.text)
    NVIC_SystemLPConfig                      0x08007dcd   Thumb Code    34  misc.o(.text)
    SysTick_CLKSourceConfig                  0x08007def   Thumb Code    40  misc.o(.text)
    EXTI_DeInit                              0x08007e2d   Thumb Code    28  stm32f10x_exti.o(.text)
    EXTI_Init                                0x08007e49   Thumb Code   142  stm32f10x_exti.o(.text)
    EXTI_StructInit                          0x08007ed7   Thumb Code    16  stm32f10x_exti.o(.text)
    EXTI_GenerateSWInterrupt                 0x08007ee7   Thumb Code    16  stm32f10x_exti.o(.text)
    EXTI_GetFlagStatus                       0x08007ef7   Thumb Code    22  stm32f10x_exti.o(.text)
    EXTI_ClearFlag                           0x08007f0d   Thumb Code     8  stm32f10x_exti.o(.text)
    EXTI_GetITStatus                         0x08007f15   Thumb Code    34  stm32f10x_exti.o(.text)
    EXTI_ClearITPendingBit                   0x08007f37   Thumb Code     8  stm32f10x_exti.o(.text)
    GPIO_DeInit                              0x08007f49   Thumb Code   172  stm32f10x_gpio.o(.text)
    GPIO_AFIODeInit                          0x08007ff5   Thumb Code    20  stm32f10x_gpio.o(.text)
    GPIO_Init                                0x08008009   Thumb Code   278  stm32f10x_gpio.o(.text)
    GPIO_StructInit                          0x0800811f   Thumb Code    16  stm32f10x_gpio.o(.text)
    GPIO_ReadInputDataBit                    0x0800812f   Thumb Code    18  stm32f10x_gpio.o(.text)
    GPIO_ReadInputData                       0x08008141   Thumb Code     8  stm32f10x_gpio.o(.text)
    GPIO_ReadOutputDataBit                   0x08008149   Thumb Code    18  stm32f10x_gpio.o(.text)
    GPIO_ReadOutputData                      0x0800815b   Thumb Code     8  stm32f10x_gpio.o(.text)
    GPIO_SetBits                             0x08008163   Thumb Code     4  stm32f10x_gpio.o(.text)
    GPIO_ResetBits                           0x08008167   Thumb Code     4  stm32f10x_gpio.o(.text)
    GPIO_WriteBit                            0x0800816b   Thumb Code    10  stm32f10x_gpio.o(.text)
    GPIO_Write                               0x08008175   Thumb Code     4  stm32f10x_gpio.o(.text)
    GPIO_PinLockConfig                       0x08008179   Thumb Code    18  stm32f10x_gpio.o(.text)
    GPIO_EventOutputConfig                   0x0800818b   Thumb Code    26  stm32f10x_gpio.o(.text)
    GPIO_EventOutputCmd                      0x080081a5   Thumb Code     6  stm32f10x_gpio.o(.text)
    GPIO_PinRemapConfig                      0x080081ab   Thumb Code   138  stm32f10x_gpio.o(.text)
    GPIO_EXTILineConfig                      0x08008235   Thumb Code    66  stm32f10x_gpio.o(.text)
    GPIO_ETH_MediaInterfaceConfig            0x08008277   Thumb Code     8  stm32f10x_gpio.o(.text)
    RCC_DeInit                               0x080082a5   Thumb Code    64  stm32f10x_rcc.o(.text)
    RCC_HSEConfig                            0x080082e5   Thumb Code    70  stm32f10x_rcc.o(.text)
    RCC_GetFlagStatus                        0x0800832b   Thumb Code    56  stm32f10x_rcc.o(.text)
    RCC_WaitForHSEStartUp                    0x08008363   Thumb Code    56  stm32f10x_rcc.o(.text)
    RCC_AdjustHSICalibrationValue            0x0800839b   Thumb Code    20  stm32f10x_rcc.o(.text)
    RCC_HSICmd                               0x080083af   Thumb Code     6  stm32f10x_rcc.o(.text)
    RCC_PLLConfig                            0x080083b5   Thumb Code    24  stm32f10x_rcc.o(.text)
    RCC_PLLCmd                               0x080083cd   Thumb Code     6  stm32f10x_rcc.o(.text)
    RCC_SYSCLKConfig                         0x080083d3   Thumb Code    18  stm32f10x_rcc.o(.text)
    RCC_GetSYSCLKSource                      0x080083e5   Thumb Code    10  stm32f10x_rcc.o(.text)
    RCC_HCLKConfig                           0x080083ef   Thumb Code    18  stm32f10x_rcc.o(.text)
    RCC_PCLK1Config                          0x08008401   Thumb Code    18  stm32f10x_rcc.o(.text)
    RCC_PCLK2Config                          0x08008413   Thumb Code    20  stm32f10x_rcc.o(.text)
    RCC_ITConfig                             0x08008427   Thumb Code    26  stm32f10x_rcc.o(.text)
    RCC_USBCLKConfig                         0x08008441   Thumb Code     8  stm32f10x_rcc.o(.text)
    RCC_ADCCLKConfig                         0x08008449   Thumb Code    18  stm32f10x_rcc.o(.text)
    RCC_LSEConfig                            0x0800845b   Thumb Code    50  stm32f10x_rcc.o(.text)
    RCC_LSICmd                               0x0800848d   Thumb Code     6  stm32f10x_rcc.o(.text)
    RCC_RTCCLKConfig                         0x08008493   Thumb Code    12  stm32f10x_rcc.o(.text)
    RCC_RTCCLKCmd                            0x0800849f   Thumb Code     8  stm32f10x_rcc.o(.text)
    RCC_GetClocksFreq                        0x080084a7   Thumb Code   192  stm32f10x_rcc.o(.text)
    RCC_AHBPeriphClockCmd                    0x08008567   Thumb Code    26  stm32f10x_rcc.o(.text)
    RCC_APB2PeriphClockCmd                   0x08008581   Thumb Code    26  stm32f10x_rcc.o(.text)
    RCC_APB1PeriphClockCmd                   0x0800859b   Thumb Code    26  stm32f10x_rcc.o(.text)
    RCC_APB2PeriphResetCmd                   0x080085b5   Thumb Code    26  stm32f10x_rcc.o(.text)
    RCC_APB1PeriphResetCmd                   0x080085cf   Thumb Code    26  stm32f10x_rcc.o(.text)
    RCC_BackupResetCmd                       0x080085e9   Thumb Code     8  stm32f10x_rcc.o(.text)
    RCC_ClockSecuritySystemCmd               0x080085f1   Thumb Code     6  stm32f10x_rcc.o(.text)
    RCC_MCOConfig                            0x080085f7   Thumb Code     6  stm32f10x_rcc.o(.text)
    RCC_ClearFlag                            0x080085fd   Thumb Code    14  stm32f10x_rcc.o(.text)
    RCC_GetITStatus                          0x0800860b   Thumb Code    20  stm32f10x_rcc.o(.text)
    RCC_ClearITPendingBit                    0x0800861f   Thumb Code     6  stm32f10x_rcc.o(.text)
    SPI_I2S_DeInit                           0x08008649   Thumb Code    76  stm32f10x_spi.o(.text)
    SPI_Init                                 0x08008695   Thumb Code    60  stm32f10x_spi.o(.text)
    I2S_Init                                 0x080086d1   Thumb Code   226  stm32f10x_spi.o(.text)
    SPI_StructInit                           0x080087b3   Thumb Code    24  stm32f10x_spi.o(.text)
    I2S_StructInit                           0x080087cb   Thumb Code    20  stm32f10x_spi.o(.text)
    SPI_Cmd                                  0x080087df   Thumb Code    24  stm32f10x_spi.o(.text)
    I2S_Cmd                                  0x080087f7   Thumb Code    24  stm32f10x_spi.o(.text)
    SPI_I2S_ITConfig                         0x0800880f   Thumb Code    32  stm32f10x_spi.o(.text)
    SPI_I2S_DMACmd                           0x0800882f   Thumb Code    18  stm32f10x_spi.o(.text)
    SPI_I2S_SendData                         0x08008841   Thumb Code     4  stm32f10x_spi.o(.text)
    SPI_I2S_ReceiveData                      0x08008845   Thumb Code     6  stm32f10x_spi.o(.text)
    SPI_NSSInternalSoftwareConfig            0x0800884b   Thumb Code    30  stm32f10x_spi.o(.text)
    SPI_SSOutputCmd                          0x08008869   Thumb Code    24  stm32f10x_spi.o(.text)
    SPI_DataSizeConfig                       0x08008881   Thumb Code    18  stm32f10x_spi.o(.text)
    SPI_TransmitCRC                          0x08008893   Thumb Code    10  stm32f10x_spi.o(.text)
    SPI_CalculateCRC                         0x0800889d   Thumb Code    24  stm32f10x_spi.o(.text)
    SPI_GetCRC                               0x080088b5   Thumb Code    16  stm32f10x_spi.o(.text)
    SPI_GetCRCPolynomial                     0x080088c5   Thumb Code     6  stm32f10x_spi.o(.text)
    SPI_BiDirectionalLineConfig              0x080088cb   Thumb Code    28  stm32f10x_spi.o(.text)
    SPI_I2S_GetFlagStatus                    0x080088e7   Thumb Code    18  stm32f10x_spi.o(.text)
    SPI_I2S_ClearFlag                        0x080088f9   Thumb Code     6  stm32f10x_spi.o(.text)
    SPI_I2S_GetITStatus                      0x080088ff   Thumb Code    52  stm32f10x_spi.o(.text)
    SPI_I2S_ClearITPendingBit                0x08008933   Thumb Code    20  stm32f10x_spi.o(.text)
    TIM_DeInit                               0x08008955   Thumb Code   424  stm32f10x_tim.o(.text)
    TIM_TimeBaseInit                         0x08008afd   Thumb Code   122  stm32f10x_tim.o(.text)
    TIM_OC1Init                              0x08008b77   Thumb Code   132  stm32f10x_tim.o(.text)
    TIM_OC2Init                              0x08008bfb   Thumb Code   154  stm32f10x_tim.o(.text)
    TIM_OC3Init                              0x08008c95   Thumb Code   150  stm32f10x_tim.o(.text)
    TIM_OC4Init                              0x08008d2b   Thumb Code   182  stm32f10x_tim.o(.text)
    TIM_SetIC4Prescaler                      0x08008de1   Thumb Code    26  stm32f10x_tim.o(.text)
    TIM_SetIC3Prescaler                      0x08008e7d   Thumb Code    18  stm32f10x_tim.o(.text)
    TIM_SetIC2Prescaler                      0x08008f09   Thumb Code    26  stm32f10x_tim.o(.text)
    TIM_SetIC1Prescaler                      0x08008fa5   Thumb Code    18  stm32f10x_tim.o(.text)
    TIM_ICInit                               0x08009023   Thumb Code   150  stm32f10x_tim.o(.text)
    TIM_PWMIConfig                           0x080090b9   Thumb Code   124  stm32f10x_tim.o(.text)
    TIM_BDTRConfig                           0x08009135   Thumb Code    32  stm32f10x_tim.o(.text)
    TIM_TimeBaseStructInit                   0x08009155   Thumb Code    18  stm32f10x_tim.o(.text)
    TIM_OCStructInit                         0x08009167   Thumb Code    20  stm32f10x_tim.o(.text)
    TIM_ICStructInit                         0x0800917b   Thumb Code    18  stm32f10x_tim.o(.text)
    TIM_BDTRStructInit                       0x0800918d   Thumb Code    40  stm32f10x_tim.o(.text)
    TIM_Cmd                                  0x080091b5   Thumb Code    24  stm32f10x_tim.o(.text)
    TIM_CtrlPWMOutputs                       0x080091cd   Thumb Code    30  stm32f10x_tim.o(.text)
    TIM_ITConfig                             0x080091eb   Thumb Code    18  stm32f10x_tim.o(.text)
    TIM_GenerateEvent                        0x080091fd   Thumb Code     4  stm32f10x_tim.o(.text)
    TIM_DMAConfig                            0x08009201   Thumb Code    10  stm32f10x_tim.o(.text)
    TIM_DMACmd                               0x0800920b   Thumb Code    18  stm32f10x_tim.o(.text)
    TIM_InternalClockConfig                  0x0800921d   Thumb Code    12  stm32f10x_tim.o(.text)
    TIM_SelectInputTrigger                   0x08009229   Thumb Code    18  stm32f10x_tim.o(.text)
    TIM_ITRxExternalClockConfig              0x0800923b   Thumb Code    24  stm32f10x_tim.o(.text)
    TIM_TIxExternalClockConfig               0x08009253   Thumb Code    62  stm32f10x_tim.o(.text)
    TIM_ETRConfig                            0x08009291   Thumb Code    28  stm32f10x_tim.o(.text)
    TIM_ETRClockMode1Config                  0x080092ad   Thumb Code    54  stm32f10x_tim.o(.text)
    TIM_ETRClockMode2Config                  0x080092e3   Thumb Code    32  stm32f10x_tim.o(.text)
    TIM_PrescalerConfig                      0x08009303   Thumb Code     6  stm32f10x_tim.o(.text)
    TIM_CounterModeConfig                    0x08009309   Thumb Code    18  stm32f10x_tim.o(.text)
    TIM_EncoderInterfaceConfig               0x0800931b   Thumb Code    66  stm32f10x_tim.o(.text)
    TIM_ForcedOC1Config                      0x0800935d   Thumb Code    18  stm32f10x_tim.o(.text)
    TIM_ForcedOC2Config                      0x0800936f   Thumb Code    26  stm32f10x_tim.o(.text)
    TIM_ForcedOC3Config                      0x08009389   Thumb Code    18  stm32f10x_tim.o(.text)
    TIM_ForcedOC4Config                      0x0800939b   Thumb Code    26  stm32f10x_tim.o(.text)
    TIM_ARRPreloadConfig                     0x080093b5   Thumb Code    24  stm32f10x_tim.o(.text)
    TIM_SelectCOM                            0x080093cd   Thumb Code    24  stm32f10x_tim.o(.text)
    TIM_SelectCCDMA                          0x080093e5   Thumb Code    24  stm32f10x_tim.o(.text)
    TIM_CCPreloadControl                     0x080093fd   Thumb Code    24  stm32f10x_tim.o(.text)
    TIM_OC1PreloadConfig                     0x08009415   Thumb Code    18  stm32f10x_tim.o(.text)
    TIM_OC2PreloadConfig                     0x08009427   Thumb Code    26  stm32f10x_tim.o(.text)
    TIM_OC3PreloadConfig                     0x08009441   Thumb Code    18  stm32f10x_tim.o(.text)
    TIM_OC4PreloadConfig                     0x08009453   Thumb Code    26  stm32f10x_tim.o(.text)
    TIM_OC1FastConfig                        0x0800946d   Thumb Code    18  stm32f10x_tim.o(.text)
    TIM_OC2FastConfig                        0x0800947f   Thumb Code    26  stm32f10x_tim.o(.text)
    TIM_OC3FastConfig                        0x08009499   Thumb Code    18  stm32f10x_tim.o(.text)
    TIM_OC4FastConfig                        0x080094ab   Thumb Code    26  stm32f10x_tim.o(.text)
    TIM_ClearOC1Ref                          0x080094c5   Thumb Code    18  stm32f10x_tim.o(.text)
    TIM_ClearOC2Ref                          0x080094d7   Thumb Code    24  stm32f10x_tim.o(.text)
    TIM_ClearOC3Ref                          0x080094ef   Thumb Code    18  stm32f10x_tim.o(.text)
    TIM_ClearOC4Ref                          0x08009501   Thumb Code    24  stm32f10x_tim.o(.text)
    TIM_OC1PolarityConfig                    0x08009519   Thumb Code    18  stm32f10x_tim.o(.text)
    TIM_OC1NPolarityConfig                   0x0800952b   Thumb Code    18  stm32f10x_tim.o(.text)
    TIM_OC2PolarityConfig                    0x0800953d   Thumb Code    26  stm32f10x_tim.o(.text)
    TIM_OC2NPolarityConfig                   0x08009557   Thumb Code    26  stm32f10x_tim.o(.text)
    TIM_OC3PolarityConfig                    0x08009571   Thumb Code    26  stm32f10x_tim.o(.text)
    TIM_OC3NPolarityConfig                   0x0800958b   Thumb Code    26  stm32f10x_tim.o(.text)
    TIM_OC4PolarityConfig                    0x080095a5   Thumb Code    26  stm32f10x_tim.o(.text)
    TIM_CCxCmd                               0x080095bf   Thumb Code    30  stm32f10x_tim.o(.text)
    TIM_CCxNCmd                              0x080095dd   Thumb Code    30  stm32f10x_tim.o(.text)
    TIM_SelectOCxM                           0x080095fb   Thumb Code    82  stm32f10x_tim.o(.text)
    TIM_UpdateDisableConfig                  0x0800964d   Thumb Code    24  stm32f10x_tim.o(.text)
    TIM_UpdateRequestConfig                  0x08009665   Thumb Code    24  stm32f10x_tim.o(.text)
    TIM_SelectHallSensor                     0x0800967d   Thumb Code    24  stm32f10x_tim.o(.text)
    TIM_SelectOnePulseMode                   0x08009695   Thumb Code    18  stm32f10x_tim.o(.text)
    TIM_SelectOutputTrigger                  0x080096a7   Thumb Code    18  stm32f10x_tim.o(.text)
    TIM_SelectSlaveMode                      0x080096b9   Thumb Code    18  stm32f10x_tim.o(.text)
    TIM_SelectMasterSlaveMode                0x080096cb   Thumb Code    18  stm32f10x_tim.o(.text)
    TIM_SetCounter                           0x080096dd   Thumb Code     4  stm32f10x_tim.o(.text)
    TIM_SetAutoreload                        0x080096e1   Thumb Code     4  stm32f10x_tim.o(.text)
    TIM_SetCompare1                          0x080096e5   Thumb Code     4  stm32f10x_tim.o(.text)
    TIM_SetCompare2                          0x080096e9   Thumb Code     4  stm32f10x_tim.o(.text)
    TIM_SetCompare3                          0x080096ed   Thumb Code     4  stm32f10x_tim.o(.text)
    TIM_SetCompare4                          0x080096f1   Thumb Code     6  stm32f10x_tim.o(.text)
    TIM_SetClockDivision                     0x080096f7   Thumb Code    18  stm32f10x_tim.o(.text)
    TIM_GetCapture1                          0x08009709   Thumb Code     6  stm32f10x_tim.o(.text)
    TIM_GetCapture2                          0x0800970f   Thumb Code     6  stm32f10x_tim.o(.text)
    TIM_GetCapture3                          0x08009715   Thumb Code     6  stm32f10x_tim.o(.text)
    TIM_GetCapture4                          0x0800971b   Thumb Code     8  stm32f10x_tim.o(.text)
    TIM_GetCounter                           0x08009723   Thumb Code     6  stm32f10x_tim.o(.text)
    TIM_GetPrescaler                         0x08009729   Thumb Code     6  stm32f10x_tim.o(.text)
    TIM_GetFlagStatus                        0x0800972f   Thumb Code    18  stm32f10x_tim.o(.text)
    TIM_ClearFlag                            0x08009741   Thumb Code     6  stm32f10x_tim.o(.text)
    TIM_GetITStatus                          0x08009747   Thumb Code    34  stm32f10x_tim.o(.text)
    TIM_ClearITPendingBit                    0x08009769   Thumb Code     6  stm32f10x_tim.o(.text)
    USART_DeInit                             0x08009771   Thumb Code   134  stm32f10x_usart.o(.text)
    USART_Init                               0x080097f7   Thumb Code   210  stm32f10x_usart.o(.text)
    USART_StructInit                         0x080098c9   Thumb Code    24  stm32f10x_usart.o(.text)
    USART_ClockInit                          0x080098e1   Thumb Code    34  stm32f10x_usart.o(.text)
    USART_ClockStructInit                    0x08009903   Thumb Code    12  stm32f10x_usart.o(.text)
    USART_Cmd                                0x0800990f   Thumb Code    24  stm32f10x_usart.o(.text)
    USART_ITConfig                           0x08009927   Thumb Code    74  stm32f10x_usart.o(.text)
    USART_DMACmd                             0x08009971   Thumb Code    18  stm32f10x_usart.o(.text)
    USART_SetAddress                         0x08009983   Thumb Code    18  stm32f10x_usart.o(.text)
    USART_WakeUpConfig                       0x08009995   Thumb Code    18  stm32f10x_usart.o(.text)
    USART_ReceiverWakeUpCmd                  0x080099a7   Thumb Code    24  stm32f10x_usart.o(.text)
    USART_LINBreakDetectLengthConfig         0x080099bf   Thumb Code    18  stm32f10x_usart.o(.text)
    USART_LINCmd                             0x080099d1   Thumb Code    24  stm32f10x_usart.o(.text)
    USART_SendData                           0x080099e9   Thumb Code     8  stm32f10x_usart.o(.text)
    USART_ReceiveData                        0x080099f1   Thumb Code    10  stm32f10x_usart.o(.text)
    USART_SendBreak                          0x080099fb   Thumb Code    10  stm32f10x_usart.o(.text)
    USART_SetGuardTime                       0x08009a05   Thumb Code    16  stm32f10x_usart.o(.text)
    USART_SetPrescaler                       0x08009a15   Thumb Code    16  stm32f10x_usart.o(.text)
    USART_SmartCardCmd                       0x08009a25   Thumb Code    24  stm32f10x_usart.o(.text)
    USART_SmartCardNACKCmd                   0x08009a3d   Thumb Code    24  stm32f10x_usart.o(.text)
    USART_HalfDuplexCmd                      0x08009a55   Thumb Code    24  stm32f10x_usart.o(.text)
    USART_OverSampling8Cmd                   0x08009a6d   Thumb Code    22  stm32f10x_usart.o(.text)
    USART_OneBitMethodCmd                    0x08009a83   Thumb Code    24  stm32f10x_usart.o(.text)
    USART_IrDAConfig                         0x08009a9b   Thumb Code    18  stm32f10x_usart.o(.text)
    USART_IrDACmd                            0x08009aad   Thumb Code    24  stm32f10x_usart.o(.text)
    USART_GetFlagStatus                      0x08009ac5   Thumb Code    26  stm32f10x_usart.o(.text)
    USART_ClearFlag                          0x08009adf   Thumb Code    18  stm32f10x_usart.o(.text)
    USART_GetITStatus                        0x08009af1   Thumb Code    84  stm32f10x_usart.o(.text)
    USART_ClearITPendingBit                  0x08009b45   Thumb Code    52  stm32f10x_usart.o(.text)
    __use_no_semihosting                     0x08009b79   Thumb Code     2  use_no_semi_2.o(.text)
    __aeabi_ldivmod                          0x08009b7b   Thumb Code     0  llsdiv.o(.text)
    _ll_sdiv                                 0x08009b7b   Thumb Code    72  llsdiv.o(.text)
    __2printf                                0x08009bc5   Thumb Code    20  noretval__2printf.o(.text)
    _printf_pre_padding                      0x08009bdd   Thumb Code    44  _printf_pad.o(.text)
    _printf_post_padding                     0x08009c09   Thumb Code    34  _printf_pad.o(.text)
    _printf_int_dec                          0x08009c2d   Thumb Code   104  _printf_dec.o(.text)
    _printf_int_hex                          0x08009ca5   Thumb Code    84  _printf_hex_int.o(.text)
    _printf_longlong_hex                     0x08009ca5   Thumb Code     0  _printf_hex_int.o(.text)
    __printf                                 0x08009cfd   Thumb Code   308  __printf_flags_wp.o(.text)
    memcmp                                   0x08009e35   Thumb Code    88  memcmp.o(.text)
    strlen                                   0x08009e8d   Thumb Code    62  strlen.o(.text)
    __aeabi_memset                           0x08009ecb   Thumb Code    16  aeabi_memset.o(.text)
    __use_two_region_memory                  0x08009edb   Thumb Code     2  heapauxi.o(.text)
    __rt_heap_escrow$2region                 0x08009edd   Thumb Code     2  heapauxi.o(.text)
    __rt_heap_expand$2region                 0x08009edf   Thumb Code     2  heapauxi.o(.text)
    __I$use$semihosting                      0x08009ee1   Thumb Code     0  use_no_semi.o(.text)
    __use_no_semihosting_swi                 0x08009ee1   Thumb Code     2  use_no_semi.o(.text)
    __aeabi_uldivmod                         0x08009ee3   Thumb Code     0  lludivv7m.o(.text)
    _ll_udiv                                 0x08009ee3   Thumb Code   238  lludivv7m.o(.text)
    __read_errno                             0x08009fd1   Thumb Code    10  _rserrno.o(.text)
    __set_errno                              0x08009fdb   Thumb Code    12  _rserrno.o(.text)
    _printf_int_common                       0x08009fe7   Thumb Code   178  _printf_intcommon.o(.text)
    _printf_char_file                        0x0800a099   Thumb Code    32  _printf_char_file.o(.text)
    __aeabi_memclr                           0x0800a0bd   Thumb Code     0  rt_memclr.o(.text)
    __rt_memclr                              0x0800a0bd   Thumb Code    68  rt_memclr.o(.text)
    _memset                                  0x0800a0c1   Thumb Code     0  rt_memclr.o(.text)
    __aeabi_errno_addr                       0x0800a101   Thumb Code     8  rt_errno_addr_intlibspace.o(.text)
    __errno$intlibspace                      0x0800a101   Thumb Code     0  rt_errno_addr_intlibspace.o(.text)
    __rt_errno_addr$intlibspace              0x0800a101   Thumb Code     0  rt_errno_addr_intlibspace.o(.text)
    _printf_char_common                      0x0800a113   Thumb Code    32  _printf_char_common.o(.text)
    ferror                                   0x0800a139   Thumb Code     8  ferror.o(.text)
    __aeabi_memclr4                          0x0800a141   Thumb Code     0  rt_memclr_w.o(.text)
    __aeabi_memclr8                          0x0800a141   Thumb Code     0  rt_memclr_w.o(.text)
    __rt_memclr_w                            0x0800a141   Thumb Code    78  rt_memclr_w.o(.text)
    _memset_w                                0x0800a145   Thumb Code     0  rt_memclr_w.o(.text)
    __user_libspace                          0x0800a191   Thumb Code     8  libspace.o(.text)
    __user_perproc_libspace                  0x0800a191   Thumb Code     0  libspace.o(.text)
    __user_perthread_libspace                0x0800a191   Thumb Code     0  libspace.o(.text)
    __user_setup_stackheap                   0x0800a199   Thumb Code    74  sys_stackheap_outer.o(.text)
    exit                                     0x0800a1e3   Thumb Code    18  exit.o(.text)
    __ARM_fpclassify                         0x0800a1f5   Thumb Code    40  fpclassify.o(i.__ARM_fpclassify)
    __kernel_poly                            0x0800a21d   Thumb Code   170  poly.o(i.__kernel_poly)
    __mathlib_dbl_infnan                     0x0800a2c7   Thumb Code     6  dunder.o(i.__mathlib_dbl_infnan)
    __mathlib_dbl_infnan2                    0x0800a2cd   Thumb Code     4  dunder.o(i.__mathlib_dbl_infnan2)
    __mathlib_dbl_invalid                    0x0800a2d1   Thumb Code    12  dunder.o(i.__mathlib_dbl_invalid)
    __mathlib_dbl_underflow                  0x0800a2dd   Thumb Code    10  dunder.o(i.__mathlib_dbl_underflow)
    _is_digit                                0x0800a2ed   Thumb Code    14  __printf_wp.o(i._is_digit)
    asin                                     0x0800a2fd   Thumb Code   572  asin.o(i.asin)
    atan                                     0x0800a56d   Thumb Code   474  atan.o(i.atan)
    atan2                                    0x0800a78d   Thumb Code   346  atan2.o(i.atan2)
    sqrt                                     0x0800a90d   Thumb Code    76  sqrt.o(i.sqrt)
    __aeabi_d2f                              0x0800a959   Thumb Code     0  d2f.o(x$fpl$d2f)
    _d2f                                     0x0800a959   Thumb Code    98  d2f.o(x$fpl$d2f)
    __aeabi_dadd                             0x0800a9bd   Thumb Code     0  daddsub_clz.o(x$fpl$dadd)
    _dadd                                    0x0800a9bd   Thumb Code   332  daddsub_clz.o(x$fpl$dadd)
    __fpl_dcheck_NaN1                        0x0800ab0d   Thumb Code    10  dcheck1.o(x$fpl$dcheck1)
    __aeabi_ddiv                             0x0800ab1d   Thumb Code     0  ddiv.o(x$fpl$ddiv)
    _ddiv                                    0x0800ab1d   Thumb Code   552  ddiv.o(x$fpl$ddiv)
    __aeabi_d2uiz                            0x0800adcd   Thumb Code     0  dfixu.o(x$fpl$dfixu)
    _dfixu                                   0x0800adcd   Thumb Code    90  dfixu.o(x$fpl$dfixu)
    __aeabi_i2d                              0x0800ae27   Thumb Code     0  dflt_clz.o(x$fpl$dflt)
    _dflt                                    0x0800ae27   Thumb Code    46  dflt_clz.o(x$fpl$dflt)
    __aeabi_ui2d                             0x0800ae55   Thumb Code     0  dflt_clz.o(x$fpl$dfltu)
    _dfltu                                   0x0800ae55   Thumb Code    38  dflt_clz.o(x$fpl$dfltu)
    __aeabi_dmul                             0x0800ae7d   Thumb Code     0  dmul.o(x$fpl$dmul)
    _dmul                                    0x0800ae7d   Thumb Code   332  dmul.o(x$fpl$dmul)
    __fpl_dnaninf                            0x0800afd1   Thumb Code   156  dnaninf.o(x$fpl$dnaninf)
    __fpl_dretinf                            0x0800b06d   Thumb Code    12  dretinf.o(x$fpl$dretinf)
    __aeabi_drsub                            0x0800b079   Thumb Code     0  daddsub_clz.o(x$fpl$drsb)
    _drsb                                    0x0800b079   Thumb Code    22  daddsub_clz.o(x$fpl$drsb)
    _dsqrt                                   0x0800b091   Thumb Code   456  dsqrt_noumaal.o(x$fpl$dsqrt)
    __aeabi_dsub                             0x0800b25d   Thumb Code     0  daddsub_clz.o(x$fpl$dsub)
    _dsub                                    0x0800b25d   Thumb Code   464  daddsub_clz.o(x$fpl$dsub)
    __aeabi_f2d                              0x0800b431   Thumb Code     0  f2d.o(x$fpl$f2d)
    _f2d                                     0x0800b431   Thumb Code    86  f2d.o(x$fpl$f2d)
    __aeabi_fadd                             0x0800b489   Thumb Code     0  faddsub_clz.o(x$fpl$fadd)
    _fadd                                    0x0800b489   Thumb Code   196  faddsub_clz.o(x$fpl$fadd)
    __fpl_fcmp_Inf                           0x0800b54d   Thumb Code    24  fcmpi.o(x$fpl$fcmpinf)
    __aeabi_fdiv                             0x0800b565   Thumb Code     0  fdiv.o(x$fpl$fdiv)
    _fdiv                                    0x0800b565   Thumb Code   384  fdiv.o(x$fpl$fdiv)
    __aeabi_cfcmpeq                          0x0800b6e9   Thumb Code     0  feqf.o(x$fpl$feqf)
    _fcmpeq                                  0x0800b6e9   Thumb Code   104  feqf.o(x$fpl$feqf)
    __aeabi_f2iz                             0x0800b751   Thumb Code     0  ffix.o(x$fpl$ffix)
    _ffix                                    0x0800b751   Thumb Code    54  ffix.o(x$fpl$ffix)
    __aeabi_f2uiz                            0x0800b789   Thumb Code     0  ffixu.o(x$fpl$ffixu)
    _ffixu                                   0x0800b789   Thumb Code    62  ffixu.o(x$fpl$ffixu)
    __aeabi_i2f                              0x0800b7c9   Thumb Code     0  fflt_clz.o(x$fpl$fflt)
    _fflt                                    0x0800b7c9   Thumb Code    48  fflt_clz.o(x$fpl$fflt)
    __aeabi_ui2f                             0x0800b7f9   Thumb Code     0  fflt_clz.o(x$fpl$ffltu)
    _ffltu                                   0x0800b7f9   Thumb Code    38  fflt_clz.o(x$fpl$ffltu)
    __aeabi_cfcmple                          0x0800b821   Thumb Code     0  fleqf.o(x$fpl$fleqf)
    _fcmple                                  0x0800b821   Thumb Code   104  fleqf.o(x$fpl$fleqf)
    __fpl_fcmple_InfNaN                      0x0800b873   Thumb Code     0  fleqf.o(x$fpl$fleqf)
    __aeabi_fmul                             0x0800b889   Thumb Code     0  fmul.o(x$fpl$fmul)
    _fmul                                    0x0800b889   Thumb Code   258  fmul.o(x$fpl$fmul)
    __fpl_fnaninf                            0x0800b98b   Thumb Code   140  fnaninf.o(x$fpl$fnaninf)
    __fpl_fretinf                            0x0800ba17   Thumb Code    10  fretinf.o(x$fpl$fretinf)
    __aeabi_cfrcmple                         0x0800ba21   Thumb Code     0  frleqf.o(x$fpl$frleqf)
    _frcmple                                 0x0800ba21   Thumb Code    98  frleqf.o(x$fpl$frleqf)
    __aeabi_fsub                             0x0800ba85   Thumb Code     0  faddsub_clz.o(x$fpl$fsub)
    _fsub                                    0x0800ba85   Thumb Code   234  faddsub_clz.o(x$fpl$fsub)
    __fpl_return_NaN                         0x0800bb6f   Thumb Code   100  retnan.o(x$fpl$retnan)
    __ARM_scalbn                             0x0800bbd3   Thumb Code    92  scalbn.o(x$fpl$scalbn)
    __fpl_cmpreturn                          0x0800bc2f   Thumb Code    48  trapv.o(x$fpl$trapveneer)
    __I$use$fp                               0x0800bc5e   Number         0  usenofp.o(x$fpl$usenofp)
    asc2_1206                                0x0800bc5e   Data        1140  gui.o(.constdata)
    asc2_1608                                0x0800c0d2   Data        1520  gui.o(.constdata)
    tfont16                                  0x0800c6c2   Data        2108  gui.o(.constdata)
    tfont24                                  0x0800cefe   Data         518  gui.o(.constdata)
    tfont32                                  0x0800d104   Data         520  gui.o(.constdata)
    reg                                      0x0800d30c   Data          27  inv_mpu.o(.constdata)
    hw                                       0x0800d328   Data          12  inv_mpu.o(.constdata)
    test                                     0x0800d334   Data          40  inv_mpu.o(.constdata)
    OSUnMapTbl                               0x0800df52   Data         256  os_core.o(.constdata)
    __mathlib_zero                           0x0800e178   Data           8  qnan.o(.constdata)
    Region$$Table$$Base                      0x0800e1d0   Number         0  anon$$obj.o(Region$$Table)
    Region$$Table$$Limit                     0x0800e1f0   Number         0  anon$$obj.o(Region$$Table)
    sig1                                     0x20000000   Data           4  main.o(.data)
    sig2                                     0x20000004   Data           4  main.o(.data)
    sig3                                     0x20000008   Data           4  main.o(.data)
    sig4                                     0x2000000c   Data           4  main.o(.data)
    led1                                     0x20000010   Data           8  main.o(.data)
    bep                                      0x20000018   Data           8  main.o(.data)
    us                                       0x20000020   Data           8  main.o(.data)
    flag                                     0x20000028   Data           1  main.o(.data)
    mark                                     0x20000029   Data           1  main.o(.data)
    rate                                     0x2000002c   Data           4  main.o(.data)
    buff                                     0x20000030   Data           4  main.o(.data)
    STA                                      0x20000034   Data           1  main.o(.data)
    PluseWidth                               0x20000036   Data           2  main.o(.data)
    num                                      0x20000038   Data           4  main.o(.data)
    SystemCoreClock                          0x2000003c   Data           4  system_stm32f10x.o(.data)
    AHBPrescTable                            0x20000040   Data          16  system_stm32f10x.o(.data)
    POINT_COLOR                              0x20000050   Data           2  lcd.o(.data)
    BACK_COLOR                               0x20000052   Data           2  lcd.o(.data)
    DeviceCode                               0x20000054   Data           2  lcd.o(.data)
    __stdout                                 0x20000094   Data           4  usart.o(.data)
    USART_RX_STA                             0x20000098   Data           2  usart.o(.data)
    OSCtxSwCtr                               0x2000009c   Data           4  os_core.o(.data)
    OSEventFreeList                          0x200000a0   Data           4  os_core.o(.data)
    OSFlagFreeList                           0x200000a4   Data           4  os_core.o(.data)
    OSCPUUsage                               0x200000a8   Data           1  os_core.o(.data)
    OSIdleCtrMax                             0x200000ac   Data           4  os_core.o(.data)
    OSIdleCtrRun                             0x200000b0   Data           4  os_core.o(.data)
    OSStatRdy                                0x200000b4   Data           1  os_core.o(.data)
    OSIntNesting                             0x200000b5   Data           1  os_core.o(.data)
    OSLockNesting                            0x200000b6   Data           1  os_core.o(.data)
    OSPrioCur                                0x200000b7   Data           1  os_core.o(.data)
    OSPrioHighRdy                            0x200000b8   Data           1  os_core.o(.data)
    OSRdyGrp                                 0x200000b9   Data           1  os_core.o(.data)
    OSRdyTbl                                 0x200000ba   Data           8  os_core.o(.data)
    OSRunning                                0x200000c2   Data           1  os_core.o(.data)
    OSTaskCtr                                0x200000c3   Data           1  os_core.o(.data)
    OSIdleCtr                                0x200000c4   Data           4  os_core.o(.data)
    OSTCBCur                                 0x200000c8   Data           4  os_core.o(.data)
    OSTCBFreeList                            0x200000cc   Data           4  os_core.o(.data)
    OSTCBHighRdy                             0x200000d0   Data           4  os_core.o(.data)
    OSTCBList                                0x200000d4   Data           4  os_core.o(.data)
    OSTickStepState                          0x200000d8   Data           1  os_core.o(.data)
    OSQFreeList                              0x200000dc   Data           4  os_core.o(.data)
    OSTime                                   0x200000e0   Data           4  os_core.o(.data)
    START_TASK_STK                           0x200000f8   Data         256  main.o(.bss)
    PWM_TASK_STK                             0x200001f8   Data         256  main.o(.bss)
    Re_TASK_STK                              0x200002f8   Data         256  main.o(.bss)
    Motoshow_task_stk                        0x200003f8   Data         256  main.o(.bss)
    us105_task_stk                           0x200004f8   Data         512  main.o(.bss)
    st_task_stk                              0x200006f8   Data         128  main.o(.bss)
    mpu6050_task_stk                         0x20000778   Data        2048  main.o(.bss)
    TIM1_ICInitStructure                     0x20000f78   Data          10  timer.o(.bss)
    lcddev                                   0x20000f82   Data          14  lcd.o(.bss)
    USART_RX_BUF                             0x20000fa0   Data         200  usart.o(.bss)
    OSEventTbl                               0x20001068   Data         200  os_core.o(.bss)
    OSFlagTbl                                0x20001130   Data          80  os_core.o(.bss)
    OSTaskStatStk                            0x20001180   Data         512  os_core.o(.bss)
    OSTaskIdleStk                            0x20001380   Data         512  os_core.o(.bss)
    OSTCBPrioTbl                             0x20001580   Data         256  os_core.o(.bss)
    OSTCBTbl                                 0x20001680   Data        1008  os_core.o(.bss)
    OSQTbl                                   0x20001a70   Data         120  os_core.o(.bss)
    __libspace_start                         0x20001ae8   Data          96  libspace.o(.bss)
    __temporary_stack_top$libspace           0x20001b48   Data           0  libspace.o(.bss)



==============================================================================

Memory Map of the image

  Image Entry point : 0x080000ed

  Load Region LR_IROM1 (Base: 0x08000000, Size: 0x0000e2e8, Max: 0x00010000, ABSOLUTE)

    Execution Region ER_IROM1 (Exec base: 0x08000000, Load base: 0x08000000, Size: 0x0000e1f0, Max: 0x00010000, ABSOLUTE)

    Exec Addr    Load Addr    Size         Type   Attr      Idx    E Section Name        Object

    0x08000000   0x08000000   0x000000ec   Data   RO          523    RESET               startup_stm32f10x_md.o
    0x080000ec   0x080000ec   0x00000008   Code   RO          871  * !!!main             c_w.l(__main.o)
    0x080000f4   0x080000f4   0x00000034   Code   RO         1200    !!!scatter          c_w.l(__scatter.o)
    0x08000128   0x08000128   0x0000001a   Code   RO         1202    !!handler_copy      c_w.l(__scatter_copy.o)
    0x08000142   0x08000142   0x00000002   PAD
    0x08000144   0x08000144   0x0000001c   Code   RO         1204    !!handler_zi        c_w.l(__scatter_zi.o)
    0x08000160   0x08000160   0x00000000   Code   RO          862    .ARM.Collect$$_printf_percent$$00000000  c_w.l(_printf_percent.o)
    0x08000160   0x08000160   0x00000006   Code   RO          861    .ARM.Collect$$_printf_percent$$00000009  c_w.l(_printf_d.o)
    0x08000166   0x08000166   0x00000006   Code   RO          860    .ARM.Collect$$_printf_percent$$0000000C  c_w.l(_printf_x.o)
    0x0800016c   0x0800016c   0x00000004   Code   RO          960    .ARM.Collect$$_printf_percent$$00000017  c_w.l(_printf_percent_end.o)
    0x08000170   0x08000170   0x00000002   Code   RO         1067    .ARM.Collect$$libinit$$00000000  c_w.l(libinit.o)
    0x08000172   0x08000172   0x00000000   Code   RO         1079    .ARM.Collect$$libinit$$00000002  c_w.l(libinit2.o)
    0x08000172   0x08000172   0x00000000   Code   RO         1081    .ARM.Collect$$libinit$$00000004  c_w.l(libinit2.o)
    0x08000172   0x08000172   0x00000000   Code   RO         1084    .ARM.Collect$$libinit$$0000000A  c_w.l(libinit2.o)
    0x08000172   0x08000172   0x00000000   Code   RO         1086    .ARM.Collect$$libinit$$0000000C  c_w.l(libinit2.o)
    0x08000172   0x08000172   0x00000000   Code   RO         1088    .ARM.Collect$$libinit$$0000000E  c_w.l(libinit2.o)
    0x08000172   0x08000172   0x00000000   Code   RO         1091    .ARM.Collect$$libinit$$00000011  c_w.l(libinit2.o)
    0x08000172   0x08000172   0x00000000   Code   RO         1093    .ARM.Collect$$libinit$$00000013  c_w.l(libinit2.o)
    0x08000172   0x08000172   0x00000000   Code   RO         1095    .ARM.Collect$$libinit$$00000015  c_w.l(libinit2.o)
    0x08000172   0x08000172   0x00000000   Code   RO         1097    .ARM.Collect$$libinit$$00000017  c_w.l(libinit2.o)
    0x08000172   0x08000172   0x00000000   Code   RO         1099    .ARM.Collect$$libinit$$00000019  c_w.l(libinit2.o)
    0x08000172   0x08000172   0x00000000   Code   RO         1101    .ARM.Collect$$libinit$$0000001B  c_w.l(libinit2.o)
    0x08000172   0x08000172   0x00000000   Code   RO         1103    .ARM.Collect$$libinit$$0000001D  c_w.l(libinit2.o)
    0x08000172   0x08000172   0x00000000   Code   RO         1105    .ARM.Collect$$libinit$$0000001F  c_w.l(libinit2.o)
    0x08000172   0x08000172   0x00000000   Code   RO         1107    .ARM.Collect$$libinit$$00000021  c_w.l(libinit2.o)
    0x08000172   0x08000172   0x00000000   Code   RO         1109    .ARM.Collect$$libinit$$00000023  c_w.l(libinit2.o)
    0x08000172   0x08000172   0x00000000   Code   RO         1111    .ARM.Collect$$libinit$$00000025  c_w.l(libinit2.o)
    0x08000172   0x08000172   0x00000000   Code   RO         1115    .ARM.Collect$$libinit$$0000002C  c_w.l(libinit2.o)
    0x08000172   0x08000172   0x00000000   Code   RO         1117    .ARM.Collect$$libinit$$0000002E  c_w.l(libinit2.o)
    0x08000172   0x08000172   0x00000000   Code   RO         1119    .ARM.Collect$$libinit$$00000030  c_w.l(libinit2.o)
    0x08000172   0x08000172   0x00000000   Code   RO         1121    .ARM.Collect$$libinit$$00000032  c_w.l(libinit2.o)
    0x08000172   0x08000172   0x00000002   Code   RO         1122    .ARM.Collect$$libinit$$00000033  c_w.l(libinit2.o)
    0x08000174   0x08000174   0x00000002   Code   RO         1152    .ARM.Collect$$libshutdown$$00000000  c_w.l(libshutdown.o)
    0x08000176   0x08000176   0x00000000   Code   RO         1166    .ARM.Collect$$libshutdown$$00000002  c_w.l(libshutdown2.o)
    0x08000176   0x08000176   0x00000000   Code   RO         1168    .ARM.Collect$$libshutdown$$00000004  c_w.l(libshutdown2.o)
    0x08000176   0x08000176   0x00000000   Code   RO         1171    .ARM.Collect$$libshutdown$$00000007  c_w.l(libshutdown2.o)
    0x08000176   0x08000176   0x00000000   Code   RO         1174    .ARM.Collect$$libshutdown$$0000000A  c_w.l(libshutdown2.o)
    0x08000176   0x08000176   0x00000000   Code   RO         1176    .ARM.Collect$$libshutdown$$0000000C  c_w.l(libshutdown2.o)
    0x08000176   0x08000176   0x00000000   Code   RO         1179    .ARM.Collect$$libshutdown$$0000000F  c_w.l(libshutdown2.o)
    0x08000176   0x08000176   0x00000002   Code   RO         1180    .ARM.Collect$$libshutdown$$00000010  c_w.l(libshutdown2.o)
    0x08000178   0x08000178   0x00000000   Code   RO          951    .ARM.Collect$$rtentry$$00000000  c_w.l(__rtentry.o)
    0x08000178   0x08000178   0x00000000   Code   RO         1014    .ARM.Collect$$rtentry$$00000002  c_w.l(__rtentry2.o)
    0x08000178   0x08000178   0x00000006   Code   RO         1026    .ARM.Collect$$rtentry$$00000004  c_w.l(__rtentry4.o)
    0x0800017e   0x0800017e   0x00000000   Code   RO         1016    .ARM.Collect$$rtentry$$00000009  c_w.l(__rtentry2.o)
    0x0800017e   0x0800017e   0x00000004   Code   RO         1017    .ARM.Collect$$rtentry$$0000000A  c_w.l(__rtentry2.o)
    0x08000182   0x08000182   0x00000000   Code   RO         1019    .ARM.Collect$$rtentry$$0000000C  c_w.l(__rtentry2.o)
    0x08000182   0x08000182   0x00000008   Code   RO         1020    .ARM.Collect$$rtentry$$0000000D  c_w.l(__rtentry2.o)
    0x0800018a   0x0800018a   0x00000002   Code   RO         1072    .ARM.Collect$$rtexit$$00000000  c_w.l(rtexit.o)
    0x0800018c   0x0800018c   0x00000000   Code   RO         1126    .ARM.Collect$$rtexit$$00000002  c_w.l(rtexit2.o)
    0x0800018c   0x0800018c   0x00000004   Code   RO         1127    .ARM.Collect$$rtexit$$00000003  c_w.l(rtexit2.o)
    0x08000190   0x08000190   0x00000006   Code   RO         1128    .ARM.Collect$$rtexit$$00000004  c_w.l(rtexit2.o)
    0x08000196   0x08000196   0x00000002   PAD
    0x08000198   0x08000198   0x000005e0   Code   RO            1    .text               main.o
    0x08000778   0x08000778   0x00000016   Code   RO          186    .text               stm32f10x_it.o
    0x0800078e   0x0800078e   0x00000002   PAD
    0x08000790   0x08000790   0x000001e0   Code   RO          227    .text               system_stm32f10x.o
    0x08000970   0x08000970   0x000000e0   Code   RO          245    .text               led.o
    0x08000a50   0x08000a50   0x00000188   Code   RO          274    .text               timer.o
    0x08000bd8   0x08000bd8   0x000000dc   Code   RO          289    .text               exti.o
    0x08000cb4   0x08000cb4   0x00000c08   Code   RO          302    .text               gui.o
    0x080018bc   0x080018bc   0x00000488   Code   RO          326    .text               lcd.o
    0x08001d44   0x08001d44   0x000000e0   Code   RO          348    .text               spi.o
    0x08001e24   0x08001e24   0x000000e0   Code   RO          360    .text               beep.o
    0x08001f04   0x08001f04   0x000000dc   Code   RO          372    .text               us105.o
    0x08001fe0   0x08001fe0   0x0000228c   Code   RO          384    .text               inv_mpu.o
    0x0800426c   0x0800426c   0x00000d70   Code   RO          408    .text               inv_mpu_dmp_motion_driver.o
    0x08004fdc   0x08004fdc   0x00000368   Code   RO          433    .text               mpu6050.o
    0x08005344   0x08005344   0x0000026c   Code   RO          445    .text               mpuiic.o
    0x080055b0   0x080055b0   0x00000130   Code   RO          457    .text               delay.o
    0x080056e0   0x080056e0   0x00000148   Code   RO          488    .text               usart.o
    0x08005828   0x08005828   0x00000040   Code   RO          524    .text               startup_stm32f10x_md.o
    0x08005868   0x08005868   0x000000b4   Code   RO          528    .text               os_cpu_a.o
    0x0800591c   0x0800591c   0x000000ae   Code   RO          531    .text               os_cpu_c.o
    0x080059ca   0x080059ca   0x00000002   PAD
    0x080059cc   0x080059cc   0x00000890   Code   RO          553    .text               os_core.o
    0x0800625c   0x0800625c   0x0000080c   Code   RO          573    .text               os_flag.o
    0x08006a68   0x08006a68   0x000005e8   Code   RO          615    .text               os_q.o
    0x08007050   0x08007050   0x0000038c   Code   RO          627    .text               os_sem.o
    0x080073dc   0x080073dc   0x000007c4   Code   RO          639    .text               os_task.o
    0x08007ba0   0x08007ba0   0x000001b0   Code   RO          651    .text               os_time.o
    0x08007d50   0x08007d50   0x000000dc   Code   RO          669    .text               misc.o
    0x08007e2c   0x08007e2c   0x0000011c   Code   RO          693    .text               stm32f10x_exti.o
    0x08007f48   0x08007f48   0x0000035c   Code   RO          717    .text               stm32f10x_gpio.o
    0x080082a4   0x080082a4   0x000003a4   Code   RO          741    .text               stm32f10x_rcc.o
    0x08008648   0x08008648   0x0000030c   Code   RO          767    .text               stm32f10x_spi.o
    0x08008954   0x08008954   0x00000e1a   Code   RO          779    .text               stm32f10x_tim.o
    0x0800976e   0x0800976e   0x00000002   PAD
    0x08009770   0x08009770   0x00000408   Code   RO          791    .text               stm32f10x_usart.o
    0x08009b78   0x08009b78   0x00000002   Code   RO          805    .text               c_w.l(use_no_semi_2.o)
    0x08009b7a   0x08009b7a   0x00000048   Code   RO          807    .text               c_w.l(llsdiv.o)
    0x08009bc2   0x08009bc2   0x00000002   PAD
    0x08009bc4   0x08009bc4   0x00000018   Code   RO          811    .text               c_w.l(noretval__2printf.o)
    0x08009bdc   0x08009bdc   0x0000004e   Code   RO          815    .text               c_w.l(_printf_pad.o)
    0x08009c2a   0x08009c2a   0x00000002   PAD
    0x08009c2c   0x08009c2c   0x00000078   Code   RO          817    .text               c_w.l(_printf_dec.o)
    0x08009ca4   0x08009ca4   0x00000058   Code   RO          822    .text               c_w.l(_printf_hex_int.o)
    0x08009cfc   0x08009cfc   0x00000138   Code   RO          852    .text               c_w.l(__printf_flags_wp.o)
    0x08009e34   0x08009e34   0x00000058   Code   RO          863    .text               c_w.l(memcmp.o)
    0x08009e8c   0x08009e8c   0x0000003e   Code   RO          865    .text               c_w.l(strlen.o)
    0x08009eca   0x08009eca   0x00000010   Code   RO          867    .text               c_w.l(aeabi_memset.o)
    0x08009eda   0x08009eda   0x00000006   Code   RO          869    .text               c_w.l(heapauxi.o)
    0x08009ee0   0x08009ee0   0x00000002   Code   RO          949    .text               c_w.l(use_no_semi.o)
    0x08009ee2   0x08009ee2   0x000000ee   Code   RO          952    .text               c_w.l(lludivv7m.o)
    0x08009fd0   0x08009fd0   0x00000016   Code   RO          954    .text               c_w.l(_rserrno.o)
    0x08009fe6   0x08009fe6   0x000000b2   Code   RO          956    .text               c_w.l(_printf_intcommon.o)
    0x0800a098   0x0800a098   0x00000024   Code   RO          958    .text               c_w.l(_printf_char_file.o)
    0x0800a0bc   0x0800a0bc   0x00000044   Code   RO          961    .text               c_w.l(rt_memclr.o)
    0x0800a100   0x0800a100   0x00000008   Code   RO         1035    .text               c_w.l(rt_errno_addr_intlibspace.o)
    0x0800a108   0x0800a108   0x00000030   Code   RO         1037    .text               c_w.l(_printf_char_common.o)
    0x0800a138   0x0800a138   0x00000008   Code   RO         1039    .text               c_w.l(ferror.o)
    0x0800a140   0x0800a140   0x0000004e   Code   RO         1043    .text               c_w.l(rt_memclr_w.o)
    0x0800a18e   0x0800a18e   0x00000002   PAD
    0x0800a190   0x0800a190   0x00000008   Code   RO         1051    .text               c_w.l(libspace.o)
    0x0800a198   0x0800a198   0x0000004a   Code   RO         1054    .text               c_w.l(sys_stackheap_outer.o)
    0x0800a1e2   0x0800a1e2   0x00000012   Code   RO         1060    .text               c_w.l(exit.o)
    0x0800a1f4   0x0800a1f4   0x00000028   Code   RO         1000    i.__ARM_fpclassify  m_ws.l(fpclassify.o)
    0x0800a21c   0x0800a21c   0x000000aa   Code   RO         1002    i.__kernel_poly     m_ws.l(poly.o)
    0x0800a2c6   0x0800a2c6   0x00000006   Code   RO          987    i.__mathlib_dbl_infnan  m_ws.l(dunder.o)
    0x0800a2cc   0x0800a2cc   0x00000004   Code   RO          988    i.__mathlib_dbl_infnan2  m_ws.l(dunder.o)
    0x0800a2d0   0x0800a2d0   0x0000000c   Code   RO          989    i.__mathlib_dbl_invalid  m_ws.l(dunder.o)
    0x0800a2dc   0x0800a2dc   0x00000010   Code   RO          992    i.__mathlib_dbl_underflow  m_ws.l(dunder.o)
    0x0800a2ec   0x0800a2ec   0x0000000e   Code   RO          850    i._is_digit         c_w.l(__printf_wp.o)
    0x0800a2fa   0x0800a2fa   0x00000002   PAD
    0x0800a2fc   0x0800a2fc   0x00000270   Code   RO          932    i.asin              m_ws.l(asin.o)
    0x0800a56c   0x0800a56c   0x00000220   Code   RO          977    i.atan              m_ws.l(atan.o)
    0x0800a78c   0x0800a78c   0x00000180   Code   RO          942    i.atan2             m_ws.l(atan2.o)
    0x0800a90c   0x0800a90c   0x0000004c   Code   RO         1006    i.sqrt              m_ws.l(sqrt.o)
    0x0800a958   0x0800a958   0x00000062   Code   RO          873    x$fpl$d2f           fz_ws.l(d2f.o)
    0x0800a9ba   0x0800a9ba   0x00000002   PAD
    0x0800a9bc   0x0800a9bc   0x00000150   Code   RO          875    x$fpl$dadd          fz_ws.l(daddsub_clz.o)
    0x0800ab0c   0x0800ab0c   0x00000010   Code   RO         1045    x$fpl$dcheck1       fz_ws.l(dcheck1.o)
    0x0800ab1c   0x0800ab1c   0x000002b0   Code   RO          882    x$fpl$ddiv          fz_ws.l(ddiv.o)
    0x0800adcc   0x0800adcc   0x0000005a   Code   RO          885    x$fpl$dfixu         fz_ws.l(dfixu.o)
    0x0800ae26   0x0800ae26   0x0000002e   Code   RO          890    x$fpl$dflt          fz_ws.l(dflt_clz.o)
    0x0800ae54   0x0800ae54   0x00000026   Code   RO          889    x$fpl$dfltu         fz_ws.l(dflt_clz.o)
    0x0800ae7a   0x0800ae7a   0x00000002   PAD
    0x0800ae7c   0x0800ae7c   0x00000154   Code   RO          895    x$fpl$dmul          fz_ws.l(dmul.o)
    0x0800afd0   0x0800afd0   0x0000009c   Code   RO          963    x$fpl$dnaninf       fz_ws.l(dnaninf.o)
    0x0800b06c   0x0800b06c   0x0000000c   Code   RO          965    x$fpl$dretinf       fz_ws.l(dretinf.o)
    0x0800b078   0x0800b078   0x00000016   Code   RO          876    x$fpl$drsb          fz_ws.l(daddsub_clz.o)
    0x0800b08e   0x0800b08e   0x00000002   PAD
    0x0800b090   0x0800b090   0x000001cc   Code   RO         1049    x$fpl$dsqrt         fz_ws.l(dsqrt_noumaal.o)
    0x0800b25c   0x0800b25c   0x000001d4   Code   RO          877    x$fpl$dsub          fz_ws.l(daddsub_clz.o)
    0x0800b430   0x0800b430   0x00000056   Code   RO          897    x$fpl$f2d           fz_ws.l(f2d.o)
    0x0800b486   0x0800b486   0x00000002   PAD
    0x0800b488   0x0800b488   0x000000c4   Code   RO          899    x$fpl$fadd          fz_ws.l(faddsub_clz.o)
    0x0800b54c   0x0800b54c   0x00000018   Code   RO          967    x$fpl$fcmpinf       fz_ws.l(fcmpi.o)
    0x0800b564   0x0800b564   0x00000184   Code   RO          906    x$fpl$fdiv          fz_ws.l(fdiv.o)
    0x0800b6e8   0x0800b6e8   0x00000068   Code   RO          909    x$fpl$feqf          fz_ws.l(feqf.o)
    0x0800b750   0x0800b750   0x00000036   Code   RO          911    x$fpl$ffix          fz_ws.l(ffix.o)
    0x0800b786   0x0800b786   0x00000002   PAD
    0x0800b788   0x0800b788   0x0000003e   Code   RO          915    x$fpl$ffixu         fz_ws.l(ffixu.o)
    0x0800b7c6   0x0800b7c6   0x00000002   PAD
    0x0800b7c8   0x0800b7c8   0x00000030   Code   RO          920    x$fpl$fflt          fz_ws.l(fflt_clz.o)
    0x0800b7f8   0x0800b7f8   0x00000026   Code   RO          919    x$fpl$ffltu         fz_ws.l(fflt_clz.o)
    0x0800b81e   0x0800b81e   0x00000002   PAD
    0x0800b820   0x0800b820   0x00000068   Code   RO          925    x$fpl$fleqf         fz_ws.l(fleqf.o)
    0x0800b888   0x0800b888   0x00000102   Code   RO          927    x$fpl$fmul          fz_ws.l(fmul.o)
    0x0800b98a   0x0800b98a   0x0000008c   Code   RO          969    x$fpl$fnaninf       fz_ws.l(fnaninf.o)
    0x0800ba16   0x0800ba16   0x0000000a   Code   RO          971    x$fpl$fretinf       fz_ws.l(fretinf.o)
    0x0800ba20   0x0800ba20   0x00000062   Code   RO          929    x$fpl$frleqf        fz_ws.l(frleqf.o)
    0x0800ba82   0x0800ba82   0x00000002   PAD
    0x0800ba84   0x0800ba84   0x000000ea   Code   RO          901    x$fpl$fsub          fz_ws.l(faddsub_clz.o)
    0x0800bb6e   0x0800bb6e   0x00000064   Code   RO         1070    x$fpl$retnan        fz_ws.l(retnan.o)
    0x0800bbd2   0x0800bbd2   0x0000005c   Code   RO          973    x$fpl$scalbn        fz_ws.l(scalbn.o)
    0x0800bc2e   0x0800bc2e   0x00000030   Code   RO         1123    x$fpl$trapveneer    fz_ws.l(trapv.o)
    0x0800bc5e   0x0800bc5e   0x00000000   Code   RO          975    x$fpl$usenofp       fz_ws.l(usenofp.o)
    0x0800bc5e   0x0800bc5e   0x000016ae   Data   RO          303    .constdata          gui.o
    0x0800d30c   0x0800d30c   0x00000050   Data   RO          385    .constdata          inv_mpu.o
    0x0800d35c   0x0800d35c   0x00000bf6   Data   RO          410    .constdata          inv_mpu_dmp_motion_driver.o
    0x0800df52   0x0800df52   0x00000100   Data   RO          555    .constdata          os_core.o
    0x0800e052   0x0800e052   0x00000028   Data   RO          823    .constdata          c_w.l(_printf_hex_int.o)
    0x0800e07a   0x0800e07a   0x00000011   Data   RO          853    .constdata          c_w.l(__printf_flags_wp.o)
    0x0800e08b   0x0800e08b   0x00000005   PAD
    0x0800e090   0x0800e090   0x00000050   Data   RO          933    .constdata          m_ws.l(asin.o)
    0x0800e0e0   0x0800e0e0   0x00000098   Data   RO          978    .constdata          m_ws.l(atan.o)
    0x0800e178   0x0800e178   0x00000008   Data   RO         1004    .constdata          m_ws.l(qnan.o)
    0x0800e180   0x0800e180   0x0000004d   Data   RO          386    .conststring        inv_mpu.o
    0x0800e1cd   0x0800e1cd   0x00000003   PAD
    0x0800e1d0   0x0800e1d0   0x00000020   Data   RO         1198    Region$$Table       anon$$obj.o


    Execution Region RW_IRAM1 (Exec base: 0x20000000, Load base: 0x0800e1f0, Size: 0x00002148, Max: 0x00005000, ABSOLUTE)

    Exec Addr    Load Addr    Size         Type   Attr      Idx    E Section Name        Object

    0x20000000   0x0800e1f0   0x0000003c   Data   RW            3    .data               main.o
    0x2000003c   0x0800e22c   0x00000014   Data   RW          228    .data               system_stm32f10x.o
    0x20000050   0x0800e240   0x00000006   Data   RW          328    .data               lcd.o
    0x20000056   0x0800e246   0x00000002   PAD
    0x20000058   0x0800e248   0x00000035   Data   RW          387    .data               inv_mpu.o
    0x2000008d   0x0800e27d   0x00000001   PAD
    0x2000008e   0x0800e27e   0x00000004   Data   RW          458    .data               delay.o
    0x20000092   0x0800e282   0x00000002   PAD
    0x20000094   0x0800e284   0x00000006   Data   RW          490    .data               usart.o
    0x2000009a   0x0800e28a   0x00000002   PAD
    0x2000009c   0x0800e28c   0x00000048   Data   RW          556    .data               os_core.o
    0x200000e4   0x0800e2d4   0x00000014   Data   RW          742    .data               stm32f10x_rcc.o
    0x200000f8        -       0x00000e80   Zero   RW            2    .bss                main.o
    0x20000f78        -       0x0000000a   Zero   RW          275    .bss                timer.o
    0x20000f82        -       0x0000000e   Zero   RW          327    .bss                lcd.o
    0x20000f90        -       0x00000010   Zero   RW          409    .bss                inv_mpu_dmp_motion_driver.o
    0x20000fa0        -       0x000000c8   Zero   RW          489    .bss                usart.o
    0x20001068        -       0x00000a80   Zero   RW          554    .bss                os_core.o
    0x20001ae8        -       0x00000060   Zero   RW         1052    .bss                c_w.l(libspace.o)
    0x20001b48        -       0x00000200   Zero   RW          522    HEAP                startup_stm32f10x_md.o
    0x20001d48        -       0x00000400   Zero   RW          521    STACK               startup_stm32f10x_md.o


==============================================================================

Image component sizes


      Code (inc. data)   RO Data    RW Data    ZI Data      Debug   Object Name

       224         28          0          0          0       1529   beep.o
       304         24          0          4          0       1777   delay.o
       220          6          0          0          0        697   exti.o
      3080         52       5806          0          0      11174   gui.o
      8844        196        157         53          0      23957   inv_mpu.o
      3440        126       3062          0         16      15407   inv_mpu_dmp_motion_driver.o
      1160         24          0          6         14       4885   lcd.o
       224         28          0          0          0       1497   led.o
      1504        224          0         60       3712     274339   main.o
       220         22          0          0          0       1801   misc.o
       872         18          0          0          0       4387   mpu6050.o
       620         14          0          0          0       2066   mpuiic.o
      2192        218        256         72       2688      14983   os_core.o
       180         36          0          0          0        324   os_cpu_a.o
       174          0          0          0          0      10402   os_cpu_c.o
      2060         42          0          0          0       7108   os_flag.o
      1512         30          0          0          0       5769   os_q.o
       908         18          0          0          0       4042   os_sem.o
      1988         70          0          0          0       7785   os_task.o
       432         30          0          0          0       1846   os_time.o
       224          8          0          0          0       1351   spi.o
        64         26        236          0       1536        792   startup_stm32f10x_md.o
       284         10          0          0          0       2255   stm32f10x_exti.o
       860         38          0          0          0       5733   stm32f10x_gpio.o
        22          0          0          0          0        999   stm32f10x_it.o
       932         36          0         20          0       8912   stm32f10x_rcc.o
       780         14          0          0          0       6614   stm32f10x_spi.o
      3610         88          0          0          0      22840   stm32f10x_tim.o
      1032         22          0          0          0       8460   stm32f10x_usart.o
         0          0          0          0          0         32   sys.o
       480         38          0         20          0       1743   system_stm32f10x.o
       392         20          0          0         10       1743   timer.o
       220         30          0          0          0       1381   us105.o
       328         18          0          6        200       3146   usart.o

    ----------------------------------------------------------------------
     39392       1554       9552        248       8176     461776   Object Totals
         0          0         32          0          0          0   (incl. Generated)
         6          0          3          7          0          0   (incl. Padding)

    ----------------------------------------------------------------------

      Code (inc. data)   RO Data    RW Data    ZI Data      Debug   Library Member Name

         8          0          0          0          0         68   __main.o
       312          4         17          0          0         92   __printf_flags_wp.o
        14          0          0          0          0         68   __printf_wp.o
         0          0          0          0          0          0   __rtentry.o
        12          0          0          0          0          0   __rtentry2.o
         6          0          0          0          0          0   __rtentry4.o
        52          8          0          0          0          0   __scatter.o
        26          0          0          0          0          0   __scatter_copy.o
        28          0          0          0          0          0   __scatter_zi.o
        48          6          0          0          0         96   _printf_char_common.o
        36          4          0          0          0         80   _printf_char_file.o
         6          0          0          0          0          0   _printf_d.o
       120         16          0          0          0         92   _printf_dec.o
        88          4         40          0          0         88   _printf_hex_int.o
       178          0          0          0          0         88   _printf_intcommon.o
        78          0          0          0          0        108   _printf_pad.o
         0          0          0          0          0          0   _printf_percent.o
         4          0          0          0          0          0   _printf_percent_end.o
         6          0          0          0          0          0   _printf_x.o
        22          0          0          0          0        100   _rserrno.o
        16          0          0          0          0         68   aeabi_memset.o
        18          0          0          0          0         80   exit.o
         8          0          0          0          0         68   ferror.o
         6          0          0          0          0        152   heapauxi.o
         2          0          0          0          0          0   libinit.o
         2          0          0          0          0          0   libinit2.o
         2          0          0          0          0          0   libshutdown.o
         2          0          0          0          0          0   libshutdown2.o
         8          4          0          0         96         68   libspace.o
        72          0          0          0          0         76   llsdiv.o
       238          0          0          0          0        100   lludivv7m.o
        88          0          0          0          0         76   memcmp.o
        24          4          0          0          0         84   noretval__2printf.o
         8          4          0          0          0         68   rt_errno_addr_intlibspace.o
        68          0          0          0          0         68   rt_memclr.o
        78          0          0          0          0         80   rt_memclr_w.o
         2          0          0          0          0          0   rtexit.o
        10          0          0          0          0          0   rtexit2.o
        62          0          0          0          0         76   strlen.o
        74          0          0          0          0         80   sys_stackheap_outer.o
         2          0          0          0          0         68   use_no_semi.o
         2          0          0          0          0         68   use_no_semi_2.o
        98          4          0          0          0         92   d2f.o
       826         16          0          0          0        348   daddsub_clz.o
        16          4          0          0          0         68   dcheck1.o
       688        140          0          0          0        208   ddiv.o
        90          4          0          0          0         92   dfixu.o
        84          0          0          0          0        136   dflt_clz.o
       340         12          0          0          0        104   dmul.o
       156          4          0          0          0         92   dnaninf.o
        12          0          0          0          0         68   dretinf.o
       460         56          0          0          0        120   dsqrt_noumaal.o
        86          4          0          0          0         84   f2d.o
       430          8          0          0          0        168   faddsub_clz.o
        24          0          0          0          0         68   fcmpi.o
       388         76          0          0          0         96   fdiv.o
       104          4          0          0          0         84   feqf.o
        54          4          0          0          0         84   ffix.o
        62          4          0          0          0         84   ffixu.o
        86          0          0          0          0        136   fflt_clz.o
       104          4          0          0          0         84   fleqf.o
       258          4          0          0          0         84   fmul.o
       140          4          0          0          0         84   fnaninf.o
        10          0          0          0          0         68   fretinf.o
        98          0          0          0          0         68   frleqf.o
       100          0          0          0          0         68   retnan.o
        92          0          0          0          0         68   scalbn.o
        48          0          0          0          0         68   trapv.o
         0          0          0          0          0          0   usenofp.o
       624         52         80          0          0        168   asin.o
       544         70        152          0          0        124   atan.o
       384         38          0          0          0        144   atan2.o
        38          6          0          0          0        272   dunder.o
        40          0          0          0          0         68   fpclassify.o
       170          0          0          0          0         96   poly.o
         0          0          8          0          0          0   qnan.o
        76          0          0          0          0         84   sqrt.o

    ----------------------------------------------------------------------
      8594        572        302          0         96       5840   Library Totals
        28          0          5          0          0          0   (incl. Padding)

    ----------------------------------------------------------------------

      Code (inc. data)   RO Data    RW Data    ZI Data      Debug   Library Name

      1836         54         57          0         96       2160   c_w.l
      4854        352          0          0          0       2724   fz_ws.l
      1876        166        240          0          0        956   m_ws.l

    ----------------------------------------------------------------------
      8594        572        302          0         96       5840   Library Totals

    ----------------------------------------------------------------------

==============================================================================


      Code (inc. data)   RO Data    RW Data    ZI Data      Debug   

     47986       2126       9854        248       8272     461632   Grand Totals
     47986       2126       9854        248       8272     461632   ELF Image Totals
     47986       2126       9854        248          0          0   ROM Totals

==============================================================================

    Total RO  Size (Code + RO Data)                57840 (  56.48kB)
    Total RW  Size (RW Data + ZI Data)              8520 (   8.32kB)
    Total ROM Size (Code + RO Data + RW Data)      58088 (  56.73kB)

==============================================================================

